0 ffffff90 acos
0 ffffff91 testPrintFloat
0 ffffff92 testPrintInt
0 ffffff93 ceil
0 ffffff94 floor
0 ffffff95 sqrt
0 ffffff96 atan2
0 ffffff97 cos
0 ffffff98 sin
0 ffffff99 strncpy
0 ffffff9a memcpy
0 ffffff9b memset
0 ffffffa1 trap_R_AddPolyBufferToScene
0 ffffffa2 trap_getCameraInfo
0 ffffffa3 trap_stopCamera
0 ffffffa4 trap_startCamera
0 ffffffa5 trap_loadCamera
0 ffffffa6 trap_FS_Seek
0 ffffffa7 trap_R_inPVS
0 ffffffa8 trap_R_AddPolysToScene
0 ffffffa9 trap_GetEntityToken
0 ffffffaa trap_R_AddAdditiveLightToScene
0 ffffffab trap_CM_TransformedCapsuleTrace
0 ffffffac trap_CM_CapsuleTrace
0 ffffffad trap_CM_TempCapsuleModel
0 ffffffae trap_S_StopLoopingSound
0 ffffffaf trap_S_AddRealLoopingSound
0 ffffffb0 trap_R_RemapShader
0 ffffffb1 trap_CIN_SetExtents
0 ffffffb2 trap_CIN_DrawCinematic
0 ffffffb3 trap_CIN_RunCinematic
0 ffffffb4 trap_CIN_StopCinematic
0 ffffffb5 trap_CIN_PlayCinematic
0 ffffffb6 trap_R_LightForPoint
0 ffffffb7 trap_RemoveCommand
0 ffffffb8 trap_SnapVector
0 ffffffb9 trap_RealTime
0 ffffffba trap_S_StopBackgroundTrack
0 ffffffbb trap_PC_SourceFileAndLine
0 ffffffbc trap_PC_ReadToken
0 ffffffbd trap_PC_FreeSource
0 ffffffbe trap_PC_LoadSource
0 ffffffbf trap_PC_AddGlobalDefine
0 ffffffc0 trap_Key_GetKey
0 ffffffc1 trap_Key_SetCatcher
0 ffffffc2 trap_Key_GetCatcher
0 ffffffc3 trap_Key_IsDown
0 ffffffc4 trap_R_RegisterFont
0 ffffffc5 trap_MemoryRemaining
0 ffffffc6 trap_R_RegisterShaderNoMip
0 ffffffc7 trap_SetUserCmdValue
0 ffffffc8 trap_GetUserCmd
0 ffffffc9 trap_GetCurrentCmdNumber
0 ffffffca trap_GetServerCommand
0 ffffffcb trap_GetSnapshot
0 ffffffcc trap_GetCurrentSnapshotNumber
0 ffffffcd trap_GetGameState
0 ffffffce trap_GetGlconfig
0 ffffffcf trap_R_LerpTag
0 ffffffd0 trap_R_ModelBounds
0 ffffffd1 trap_R_DrawStretchPic
0 ffffffd2 trap_R_SetColor
0 ffffffd3 trap_R_RenderScene
0 ffffffd4 trap_R_AddLightToScene
0 ffffffd5 trap_R_AddPolyToScene
0 ffffffd6 trap_R_AddRefEntityToScene
0 ffffffd7 trap_R_ClearScene
0 ffffffd8 trap_R_RegisterShader
0 ffffffd9 trap_R_RegisterSkin
0 ffffffda trap_R_RegisterModel
0 ffffffdb trap_R_LoadWorldMap
0 ffffffdc trap_S_StartBackgroundTrack
0 ffffffdd trap_S_RegisterSound
0 ffffffde trap_S_Respatialize
0 ffffffdf trap_S_UpdateEntityPosition
0 ffffffe0 trap_S_AddLoopingSound
0 ffffffe1 trap_S_ClearLoopingSounds
0 ffffffe2 trap_S_StartLocalSound
0 ffffffe3 trap_S_StartSound
0 ffffffe4 trap_CM_MarkFragments
0 ffffffe5 trap_CM_TransformedBoxTrace
0 ffffffe6 trap_CM_BoxTrace
0 ffffffe7 trap_CM_TransformedPointContents
0 ffffffe8 trap_CM_PointContents
0 ffffffe9 trap_CM_TempBoxModel
0 ffffffea trap_CM_LoadModel
0 ffffffeb trap_CM_InlineModel
0 ffffffec trap_CM_NumInlineModels
0 ffffffed trap_CM_LoadMap
0 ffffffee trap_UpdateScreen
0 ffffffef trap_SendClientCommand
0 fffffff0 trap_AddCommand
0 fffffff1 trap_SendConsoleCommand
0 fffffff2 trap_FS_FCloseFile
0 fffffff3 trap_FS_Write
0 fffffff4 trap_FS_Read
0 fffffff5 trap_FS_FOpenFile
0 fffffff6 trap_Args
0 fffffff7 trap_Argv
0 fffffff8 trap_Argc
0 fffffff9 trap_Cvar_VariableStringBuffer
0 fffffffa trap_Cvar_Set
0 fffffffb trap_Cvar_Update
0 fffffffc trap_Cvar_Register
0 fffffffd trap_Milliseconds
0 fffffffe trap_Error
0 ffffffff trap_Print
0        0 vmMain
0       8b CG_RegisterCvars
0      100 CG_ForceModelChange
0      12b contains
0      15b UpdateWeaponOrder
0      2a1 CG_UpdateCvars
0      31d CG_CrosshairPlayer
0      32e CG_LastAttacker
0      33f CG_Printf
0      358 CG_Error
0      371 Com_Error
0      38a Com_Printf
0      3a3 CG_Argv
0      3c8 CG_RegisterItemSounds^0
0      465 CG_RegisterSounds^0
0      968 CG_RegisterGraphics^0
0      e78 CG_BuildSpectatorString
0      eca CG_RegisterClients^0
0      f11 CG_ConfigString
0      f36 CG_StartMusic
0      f6a CG_Init
0     1168 CG_Shutdown
0     116b CG_EventHandling
0     116e CG_SetScoreCatcher
0     1200 CG_KeyEvent
0     1220 CG_MouseEvent
0     126b BG_FindItemForRune
0     12a4 BG_FindItemForPowerup
0     12eb BG_FindItemForHoldable
0     1327 BG_FindItemForHealth
0     135e BG_FindItemForAmmo
0     1395 BG_FindItemForWeapon
0     13cc BG_FindItem
0     13fb BG_PlayerTouchesItem
0     1455 BG_CanItemBeGrabbed
0     159f BG_EvaluateTrajectory
0     17d9 BG_EvaluateTrajectoryDelta
0     1931 BG_AddPredictableEventToPlayerstate
0     1974 BG_TouchJumpPad
0     19e1 BG_PlayerStateToEntityState
0     1bc6 BG_PlayerStateToEntityStateExtraPolate
0     1db8 replace_s
0     1f3c replace1
0     1f76 strtok
0     2024 BG_StripColor
0     207d EncodedString
0     212a hex2dec^1
0     21b0 DecodedString
0     229c BG_stricmp
0     22e7 Q_stristr
0     2348 BG_CleanName
0     2453 Q_strcpy
0     2483 Q_stradd
0     24b6 Q_strlen
0     24d5 BigEndian
0     24ea AddInt^1
0     25c5 AddFloat^1
0     26da AddString^1
0     276c ED_vsprintf
0     295c BG_sprintf
0     2979 _atoi^1
0     29e9 _atof^1
0     2aa1 _atos^1
0     2b27 Q_sscanf
0     2c66 PM_AddEvent
0     2c77 PM_AddTouchEnt
0     2cd0 PM_StartTorsoAnim^2
0     2cf3 PM_StartLegsAnim^2
0     2d20 PM_ContinueLegsAnim^2
0     2d40 PM_ContinueTorsoAnim^2
0     2d60 PM_ForceLegsAnim^2
0     2d70 PM_ClipVelocity
0     2de1 PM_Friction^2
0     2f06 PM_Accelerate^2
0     2f80 PM_CmdScale^2
0     3024 PM_SetMovementDir^2
0     3143 PM_CheckJump^2
0     31d2 PM_CheckWaterJump^2
0     32b6 PM_WaterJumpMove^2
0     32f7 PM_WaterMove^2
0     3430 PM_FlyMove^2
0     34bb PM_AirMove^2
0     3564 PM_GrappleMove^2
0     3612 PM_WalkMove^2
0     3826 PM_DeadMove^2
0     389d PM_NoclipMove^2
0     39f5 PM_FootstepForSurface^2
0     3a0e PM_CrashLand^2
0     3b0f PM_CorrectAllSolid^2
0     3bfe PM_GroundTraceMissed^2
0     3c97 PM_GroundTrace^2
0     3e0c PM_SetWaterLevel^2
0     3ee1 PM_CheckDuck^2
0     402f PM_Footsteps^2
0     417b PM_WaterEvents^2
0     41be PM_BeginWeaponChange^2
0     4217 PM_FinishWeaponChange^2
0     4277 PM_TorsoAnimation^2
0     4296 PM_Weapon^2
0     45cb PM_Animate^2
0     45f0 PM_DropTimers^2
0     467a PM_UpdateViewAngles
0     4728 PM_LadderMove^2
0     4854 CheckLadder^2
0     48c7 PmoveSingle^2
0     4c03 Pmove
0     4cc5 PM_SlideMove
0     50b1 PM_StepSlideMove
0     523d CG_GenerateTracemap
0     5bdd BG_LoadTraceMap
0     5fc7 BG_ClampPointToTracemapExtends^4
0     601a BG_GetSkyHeightAtPoint
0     6057 BG_GetSkyGroundHeightAtPoint
0     6094 BG_GetGroundHeightAtPoint
0     60d1 BG_GetTracemapGroundFloor
0     60df BG_GetTracemapGroundCeil
0     60ed etpro_FinalizeTracemapClamp
0     6118 CG_AddPolyToPool^5
0     6221 CG_AtmosphericKludge
0     6242 CG_SetParticleActive^5
0     625b CG_RainParticleGenerate^5
0     63c9 CG_RainParticleCheckVisible^5
0     6474 CG_RainParticleRender^5
0     67c8 CG_SnowParticleGenerate^5
0     68dc CG_SnowParticleCheckVisible^5
0     6981 CG_SnowParticleRender^5
0     6bd6 CG_EffectGust^5
0     6c5c CG_EffectGustCurrent^5
0     6d58 CG_EP_ParseFloats^5
0     6dbd CG_EP_ParseInts^5
0     6e29 CG_EffectParse
0     7106 CG_AddAtmosphericEffects
0     71c2 CG_TargetCommand_f^6
0     71f4 CG_SizeUp_f^6
0     720a CG_SizeDown_f^6
0     7220 CG_Viewpos_f^6
0     7238 CG_ScoresDown_f^6
0     7264 CG_ScoresUp_f^6
0     7281 CG_RunesDown_f^6
0     7287 CG_RunesUp_f^6
0     729e CG_TellTarget_f^6
0     72c9 CG_TellAttacker_f^6
0     72f4 CG_StartOrbit_f^6
0     733c CG_StartCamera
0     7382 CG_Camera_f^6
0     7395 CG_ConsoleCommand
0     73d3 CG_InitConsoleCommands
0     7486 CG_DrawField^7
0     75bc CG_Draw3DModel
0     7630 CG_Draw3DModelColor
0     771b CG_DrawHead
0     77e3 CG_DrawFlagModel
0     78bf CG_DrawStatusBarHead^7
0     7a17 CG_DrawStatusBarFlag^7
0     7a30 CG_DrawTeamBackground
0     7a73 CG_DrawStatusBar^7
0     7c79 CG_DrawAttacker^7
0     7d2f CG_DrawSpeedMeter^7
0     7d86 CG_DrawSnapshot^7
0     7dc0 CG_DrawFPS^7
0     7e4d CG_DrawTimer^7
0     7e9d CG_DrawTeamOverlay^7
0     81b6 CG_DrawUpperRight^7
0     822b CG_DrawScores^7
0     859f CG_DrawPowerups^7
0     8857 CG_DrawLowerRight^7
0     888f CG_DrawPickupItem^7
0     8936 CG_DrawLowerLeft^7
0     8965 CG_DrawTeamInfo^7
0     8a8f CG_DrawHoldableItem^7
0     8abb CG_DrawReward^7
0     8bb9 CG_AddLagometerFrameInfo
0     8bd9 CG_AddLagometerSnapshotInfo
0     8c20 CG_DrawDisconnect^7
0     8c94 CG_DrawLagometer^7
0     8ebf CG_CenterPrint
0     8efd CG_DrawCenterString^7
0     8fb7 CG_DrawCrosshair^7
0     9085 CG_ScanForCrosshairEntity^7
0     90ed CG_DrawCrosshairNames^7
0     914d CG_DrawSpectator^7
0     91a2 CG_DrawVote^7
0     91f8 CG_DrawTeamVote^7
0     928b hud_runes
0     94ac CG_DrawRunesboard^7
0     9570 CG_DrawScoreboard^7
0     957a CG_DrawIntermission^7
0     9592 CG_DrawFollow^7
0     95dc CG_DrawAmmoWarning^7
0     960b CG_DrawWarmup^7
0     976d CG_Draw2D^7
0     9849 CG_DrawTourneyScoreboard^7
0     984f CG_CalculatePing^7
0     9896 CG_WarmupEvents^7
0     9923 CG_WarmupEvent
0     994e CG_ApplyClientChange^7
0     9957 CG_TrackClientTeamChange
0     9a0a CG_DrawActive
0     9a4a CG_Fade
0     9a68 CG_DrawFlashFade
0     9afb CG_AdjustFrom640
0     9b38 CG_FillRect
0     9b6b CG_FillScreen
0     9b93 CG_DrawSides
0     9be6 CG_DrawTopBottom
0     9c39 CG_DrawRect
0     9c6b CG_DrawPic
0     9c93 CG_DrawChar^8
0     9d06 CG_DrawStringExt
0     9e3e DrawStringLen^8
0     9e85 CG_DrawString
0     9ee5 CG_DrawStrlen
0     9f28 CG_TileClearBox^8
0     9f85 CG_TileClear
0     a012 CG_FadeColor
0     a054 CG_FadeColorTime
0     a099 CG_TeamColor
0     a0bc CG_GetColorForHealth
0     a151 CG_ColorForHealth
0     a166 UI_DrawBannerString2^8
0     a233 UI_DrawBannerString
0     a2dc UI_ProportionalStringWidth
0     a31f UI_DrawProportionalString2^8
0     a3f5 UI_ProportionalSizeScale
0     a404 UI_DrawProportionalString
0     a569 CG_BlackBars
0     a589 CG_BubbleTrail
0     a722 CG_SmokePuff
0     a8bb CG_SpawnEffect
0     a960 CG_Lightning_Discharge
0     a9ae CG_DamagePlum
0     aa74 CG_ScorePlum
0     ab34 CG_MakeExplosion
0     ac4a CG_Bleed
0     acb2 CG_LaunchGib^9
0     ad2f CG_GibPlayer
0     affb CG_GibPlayerHeadshot
0     b063 CG_LaunchExplode
0     b0e0 CG_BigExplode
0     b23c CG_PositionEntityOnTag
0     b2f0 CG_PositionRotatedEntityOnTag
0     b3a6 CG_SetEntitySoundPosition
0     b3ff CG_EntityEffects^10
0     b49e CG_General^10
0     b501 CG_Speaker^10
0     b55b CG_ItemTimer
0     b6db CG_Item^10
0     bae0 CG_Missile^10
0     bc38 CG_Grapple^10
0     bcab CG_Mover^10
0     bd1f CG_Beam
0     bd4b CG_PersonalPortal^10
0     bf14 CG_DrawPortals
0     bf57 CG_Portal^10
0     bfc4 CG_AdjustPositionForMover
0     c0ae CG_InterpolateEntityPosition^10
0     c172 CG_CalcEntityLerpPositions^10
0     c209 CG_TeamBase^10
0     c255 CG_LaserSight^10
0     c299 CG_AddCEntity^10
0     c347 CG_AddPacketEntities
0     c3f0 CG_PlaceString
0     c49e CG_Obituary^11
0     c823 CG_UseItem^11
0     c8b5 RateWeapon
0     c8d6 CG_ItemPickup^11
0     c947 CG_WaterLevel
0     c9eb CG_PainEvent
0     caa8 CG_EntityEvent
0     d62a CG_CheckEvents
0     d6ae CG_DrawLoadingIcons^12
0     d721 CG_LoadingString
0     d760 CG_LoadingItem
0     d79d CG_LoadingClient
0     d896 CG_DrawInformation
0     db69 CG_InitLocalEntities
0     db9d CG_FreeLocalEntity
0     dbcd CG_AllocLocalEntity
0     dc0f CG_BloodTrail
0     dc7c CG_FragmentBounceMark
0     dd0d CG_FragmentBounceSound
0     dd61 CG_ReflectVelocity
0     de4b CG_AddFragment^13
0     df4e CG_AddFadeRGB^13
0     e066 CG_AddMoveScaleFade^13
0     e154 CG_EmitPolyVerts^13
0     e371 CG_AddScaleFade^13
0     e410 CG_AddFallScaleFade^13
0     e4c4 CG_AddExplosion^13
0     e53d CG_AddSpriteExplosion^13
0     e609 CG_AddRefEntity^13
0     e624 CG_AddScorePlum
0     e84a ChooseDamageColor^13
0     e90f CG_AddDamagePlum
0     ead2 CG_AddLocalEntities
0     eb6a CG_InitMarkPolys
0     eb9e CG_FreeMarkPoly
0     ebce CG_AllocMark
0     ec29 CG_ImpactMark
0     ef10 CG_AddMarks
0     f114 CG_ClearParticles
0     f1af CG_AddParticleToScene
0    108e5 CG_AddParticles
0    10add CG_ParticleSnowFlurry
0    10c48 CG_ParticleSnow
0    10d98 CG_ParticleBubble
0    10f0b CG_ParticleSmoke
0    1100e CG_ParticleBulletDebris
0    110d5 CG_ParticleExplosion
0    111df CG_AddParticleShrapnel
0    111e2 CG_NewParticleArea
0    11323 CG_SnowLink
0    11368 CG_ParticleImpactSmokePuff
0    1144a CG_Particle_Bleed
0    11529 CG_Particle_OilParticle
0    1162e CG_Particle_OilSlick
0    11764 CG_OilSlickRemove
0    117ae ValidBloodPool
0    118a0 CG_BloodPool
0    11994 CG_ParticleBloodCloud
0    11acb CG_ParticleSparks
0    11c3d CG_ParticleDust
0    11e2b CG_ParticleMisc
0    11ed0 CG_CustomSound
0    11f44 CG_ParseAnimationFile^15
0    123a2 CG_FileExists^15
0    123c8 CG_FindClientModelFile^15
0    1254e CG_FindClientHeadFile^15
0    126ee CG_RegisterClientSkin^15
0    127b9 CG_RegisterClientModelname^15
0    12a26 CG_IsKnownModel^15
0    12b5e CG_ColorFromChar^15
0    12bbc CG_SetColorInfo^15
0    12c76 CG_GetTeamColors^15
0    12cb6 CG_LoadClientInfo^15
0    12e8f CG_CopyClientInfoModel^15
0    12f2f CG_ScanForExistingClientInfo^15
0    12fca CG_SetDeferredClientInfo^15
0    130d5 CG_SetSkinAndModel^15
0    134c3 CG_NewClientInfo
0    13787 CG_LoadDeferredPlayers
0    137ca CG_SetLerpFrameAnimation^15
0    13820 CG_RunLerpFrame^15
0    139d6 CG_ClearLerpFrame^15
0    13a0f CG_PlayerAnimation^15
0    13ad2 CG_SwingAngles^15
0    13bd3 CG_AddPainTwitch^15
0    13c1a CG_PlayerAngles^15
0    13df3 CG_HasteTrail^15
0    13e68 CG_TrailItem^15
0    13ecb CG_PlayerFlag^15
0    1406a CG_PlayerPowerups^15
0    141ae CG_PlayerFloatSprite^15
0    141fa CG_PlayerSprites^15
0    142cf CG_PlayerShadow^15
0    1435b CG_PlayerSplash^15
0    14449 CG_AddRefEntityWithPowerups
0    14545 CG_LightVerts
0    1467d CG_Player
0    1499b CG_ResetPlayerEntity
0    14a7d CG_CheckAmmo
0    14afc CG_DamageFeedback
0    14c73 CG_Respawn
0    14c8d CG_CheckPlayerstateEvents^16
0    14d89 pushReward^16
0    14db6 CG_CheckLocalSounds
0    150c3 CG_TransitionPlayerState
0    1517d CG_PB_FindFreePolyBuffer
0    15228 CG_PB_ClearPolyBuffers
0    15234 CG_PB_RenderPolyBuffers
0    15257 CG_BuildSolidList
0    152e3 CG_ClipMoveToEntities^18
0    153f0 CG_Trace
0    15430 CG_PointContents
0    154a8 CG_InterpolatePlayerState^18
0    155ce CG_StoreEvent
0    15611 CG_PlayDroppedEvents
0    156a6 CG_AddArmor^18
0    156c2 CG_AddAmmo^18
0    15705 CG_AddWeapon^18
0    15742 CG_CheckArmor^18
0    15778 CG_AddFallDamage
0    157d9 CG_PickupPrediction^18
0    1596b CG_TouchItem^18
0    15ab8 CG_TouchTriggerPrediction^18
0    15b91 CG_CheckTimers^18
0    15c8b CG_IsUnacceptableError^18
0    1629b CG_PredictPlayerState
0    16644 CG_DrawClientScore^19
0    169b4 CG_ScoreboardClick
0    16a34 CG_TeamScoreboard^19
0    16ac2 CG_DrawOldScoreboard
0    16e27 CG_DrawOldTourneyScoreboard
0    16f96 CG_ParseScores^20
0    171a1 CG_ParseTeamInfo^20
0    1725d CG_ParseServerinfo
0    17350 CG_ParseSysteminfo
0    173c1 CG_ParseWarmup^20
0    1744b CG_SetConfigValues
0    174a4 CG_ShaderStateChanged
0    17550 CG_ConfigStringModified^20
0    1771b CG_AddToTeamChat^20
0    1787e CG_MapRestart^20
0    178cb CG_RemoveChatEscapeChar^20
0    1790d CG_ServerCommand^20
0    17b36 CG_ExecuteNewServerCommands
0    17b61 CG_ResetEntity^21
0    17ba1 CG_TransitionEntity^21
0    17bce CG_SetInitialSnapshot
0    17c46 CG_TransitionSnapshot^21
0    17d30 CG_SetNextSnap^21
0    17e3b CG_ReadNextSnapshot^21
0    17ea9 CG_ProcessSnapshots
0    17f5b CG_TestModel_f
0    17fe8 CG_TestGun_f
0    17ff4 CG_TestModelNextFrame_f
0    1800a CG_TestModelPrevFrame_f
0    18027 CG_TestModelNextSkin_f
0    1803d CG_TestModelPrevSkin_f
0    1805a CG_AddTestModel^22
0    180df CG_CalcVrect^22
0    1814c CG_OffsetThirdPersonView^22
0    182b7 CG_StepOffset^22
0    182d9 CG_OffsetFirstPersonView^22
0    184fe CG_ZoomDown_f
0    18522 CG_ZoomUp_f
0    1852f CG_CalcFov^22
0    1867f CG_DamageBlendBlob^22
0    1875d CG_CalcViewValues^22
0    188c1 CG_PowerupTimerSounds^22
0    18913 CG_AddBufferedSound
0    18953 CG_PlayBufferedSounds^22
0    18995 CG_FirstFrame^22
0    189ea CG_DrawActiveFrame
0    18b4d CG_SetupFrustum
0    18c93 CG_CullPoint
0    18cdc CG_CullPointAndRadius
0    18d2b CG_MachineGunEjectBrass
0    18f1e CG_ShotgunEjectBrass
0    1913f CG_RailTrail
0    194c7 CG_RocketTrail
0    195ae CG_PlasmaTrail
0    1986a CG_GrappleTrail
0    198ff CG_GrenadeTrail
0    1990b CG_RegisterWeapon
0    19e7e CG_RegisterItemVisuals
0    19fdc CG_MapTorsoToWeaponFrame^23
0    1a046 CG_CalculateWeaponPosition^23
0    1a129 CG_LightningBolt^23
0    1a304 CG_SpawnRailTrail^23
0    1a33c CG_MachinegunSpinAngle^23
0    1a3ce CG_AddWeaponWithPowerups^23
0    1a495 CG_AddPlayerWeapon
0    1a94a CG_CenterGun
0    1a986 CG_AddViewWeapon
0    1ab7b hud_weapons
0    1ac99 CG_DrawWeaponSelect
0    1ae99 CG_WeaponSelectable^23
0    1aebe NextWeapon
0    1aefa PrevWeapon
0    1af43 CG_NextWeapon_f
0    1afae CG_PrevWeapon_f
0    1b019 CG_Weapon_f
0    1b0bf CG_OutOfAmmoChange
0    1b0fb CG_FireWeapon
0    1b1d1 CG_MissileHitWall
0    1b4b3 CG_MissileHitPlayer
0    1b4e3 CG_ShotgunPellet^23
0    1b5ba CG_ShotgunPattern^23
0    1b66b CG_ShotgunFire
0    1b726 CG_Tracer
0    1b931 CG_CalcMuzzlePoint^23
0    1ba17 CG_Bullet
0    1badc Q_rand
0    1baf1 Q_random
0    1bb03 Q_crandom
0    1bb14 VectorCompare
0    1bb42 VectorLength
0    1bb73 VectorLengthSquared
0    1bb9d Distance
0    1bbd4 DistanceSquared
0    1bc18 VectorNormalizeFast
0    1bc71 VectorInverse
0    1bc95 CrossProduct
0    1bcee ClampChar
0    1bd09 ClampShort
0    1bd24 DirToByte
0    1bd7f ByteToDir
0    1bd9d ColorBytes3
0    1be0c ColorBytes4
0    1be9e NormalizeColor
0    1bf08 PlaneFromPoints
0    1bfa0 RotatePointAroundVector
0    1c0b1 RotateAroundDirection
0    1c0ed vectoangles
0    1c19b AnglesToAxis
0    1c1d0 AxisClear
0    1c20b AxisCopy
0    1c22d ProjectPointOnPlane
0    1c2e4 MakeNormalVectors
0    1c373 VectorRotate
0    1c3f0 Q_rsqrt
0    1c42b Q_fabs
0    1c43b LerpAngle
0    1c470 AngleSubtract
0    1c495 AnglesSubtract
0    1c4e3 AngleMod
0    1c4f9 AngleNormalize360
0    1c507 AngleNormalize180
0    1c526 AngleDelta
0    1c536 SetPlaneSignbits
0    1c567 BoxOnPlaneSide
0    1c844 RadiusFromBounds
0    1c89f ClearBounds
0    1c8d6 AddPointToBounds
0    1c953 VectorNormalize
0    1c9bd VectorNormalize2
0    1ca39 _VectorMA
0    1ca7f _DotProduct
0    1caaa _VectorSubtract
0    1cae3 _VectorAdd
0    1cb1c _VectorCopy
0    1cb41 _VectorScale
0    1cb73 Vector4Scale
0    1cbb2 Q_log2
0    1cbd5 MatrixMultiply
0    1cd3e AngleVectors
0    1ce30 PerpendicularVector
0    1ce92 Com_Clamp
0    1ceb0 COM_SkipPath
0    1ced8 COM_StripExtension
0    1cf23 COM_DefaultExtension
0    1cf6f COM_BeginParseSession
0    1cf84 COM_GetCurrentParseLine
0    1cf93 COM_Parse
0    1cfa2 COM_ParseError
0    1cfc2 COM_ParseWarning
0    1cfe2 SkipWhitespace^25
0    1d021 COM_Compress
0    1d171 COM_ParseExt
0    1d2d2 COM_MatchToken
0    1d2fb SkipBracedSection
0    1d33d SkipRestOfLine
0    1d377 Com_InitSeparators
0    1d389 SkipTillSeparators
0    1d3cc COM_ParseSep
0    1d554 Com_Split
0    1d63e Parse1DMatrix
0    1d689 Parse2DMatrix
0    1d6d0 Parse3DMatrix
0    1d721 Q_isprint
0    1d736 Q_islower
0    1d74b Q_isupper
0    1d760 Q_isalpha
0    1d77d Q_strrchr
0    1d7b1 Q_strncpyz
0    1d7f4 Q_stricmpn
0    1d883 Q_strncmp
0    1d8d9 Q_stricmp
0    1d95a Q_strlwr
0    1d980 Q_strupr
0    1d9a6 Q_strcat
0    1d9d2 Q_PrintStrlen
0    1da1d Q_CleanStr
0    1da7e Com_sprintf
0    1daad va
0    1dadc Q_strkey^25
0    1db1b Info_ValueForKey
0    1dc0b Info_NextPair
0    1dca3 Info_RemoveKey^25
0    1dd49 Info_Validate
0    1dd7a Info_ValidateKeyValue
0    1ddb3 Info_SetValueForKey
0    1de5c Info_SetValueForKey_Big
0    1df05 swapfunc^26
0    1df8c med3^26
0    1e01f qsort
0    1e3d2 strlen
0    1e3ed strcat
0    1e427 strcpy
0    1e453 strcmp
0    1e48f strchr
0    1e4bf strstr
0    1e50d tolower
0    1e525 toupper
0    1e53d memmove
0    1e590 tan
0    1e5a7 srand
0    1e5ae rand
0    1e5c4 atof
0    1e685 _atof
0    1e74c atoi
0    1e7c4 abs
0    1e7dd fabs
0   a7a284 _stackStart
0   a8a284 _stackEnd
1        4 forceModelModificationCount
1        8 enemyModelModificationCount
1        c enemyColorsModificationCount
1       10 teamModelModificationCount
1       14 teamColorsModificationCount
1       18 intShaderTime
1       1c linearLight
1       48 cg_weaponsCount
1       4c atmosphereModificationCount
1       50 cvarTable^0
1      800 bg_itemlist
1     1bb4 bg_numItems
1     1c14 eventnames
1     1e5c pm_stopspeed
1     1e60 pm_duckScale
1     1e64 pm_swimScale
1     1e68 pm_wadeScale
1     1e6c pm_ladderScale
1     1e70 pm_ladderfriction
1     1e74 pm_ladderAccelerate
1     1e78 pm_accelerate
1     1e7c pm_airaccelerate
1     1e80 pm_wateraccelerate
1     1e84 pm_flyaccelerate
1     1e88 pm_friction
1     1e8c pm_waterfriction
1     1e90 pm_flightfriction
1     1e94 pm_spectatorfriction
1     1e98 c_pmove
1     1e9c pm_respawntimer^2
1     1f00 commands^6
1     1fc0 drawTeamOverlayModificationCount
1     2090 propMap^8
1     2690 propMapB^8
1     2aa8 shaderAnimNames^14
1     2b28 shaderAnimCounts^14
1     2ba8 shaderAnimSTRatio^14
1     2c28 cl_numparticles
1     2c2c initparticles
1     2c30 roll^14
1     2c34 cg_customSoundNames^15
1     2d00 player_stop
1     2d04 black_bars
1     2da8 vec3_origin
1     2db4 axisDefault
1     2dd8 colorBlack
1     2de8 colorRed
1     2df8 colorGreen
1     2e08 colorBlue
1     2e18 colorYellow
1     2e28 colorMagenta
1     2e38 colorCyan
1     2e48 colorWhite
1     2e58 colorLtGrey
1     2e68 colorMdGrey
1     2e78 colorDkGrey
1     2e88 g_color_table
1     2f08 bytedirs
1     36c8 randSeed^26
2     5b93 locase
3      800 cg_developer
3      910 cgwp_grapplePull
3      a20 cgwp_grappleEnable
3      b30 cgwp_grappleCycle
3      c40 cgwp_bfgCycle
3      d50 cgwp_railCycle
3      e60 cgwp_plasmaCycle
3      f70 cgwp_rocketCycle
3     1080 cgwp_grenadeCycle
3     1190 cgwp_machineCycle
3     12a0 cgwp_shotgunCycle
3     13b0 cgwp_lightCycle
3     14c0 cgwp_gauntCycle
3     15d0 cg_hudFiles
3     16e0 trap_GetValue
3     16e4 trap_R_AddLinearLightToScene
3     16e8 trap_R_AddRefEntityToScene2
3     16ec cg_atmosphericEffects
3     17fc cg_atmosphere
3     190c cg_gunCenter
3     1a1c cg_weaponOrder
3     1b2c cg_altGrapple
3     1c3c cg_altPortal
3     1d4c cgwp_portalEnable
3     1e5c cg_wallWalk
3     1f6c cg_gravity
3     207c cg_jumpVelocity
3     218c cg_hasteFactor
3     229c cg_followKiller
3     23ac cg_fovAdjust
3     24bc cg_deadBodyDarken
3     25cc cg_teamColors
3     26dc cg_teamModel
3     27ec cg_enemyColors
3     28fc cg_enemyModel
3     2a0c cg_hitSounds
3     2b1c cg_trueLightning
3     2c2c cg_oldPlasma
3     2d3c cg_oldRocket
3     2e4c cg_oldRail
3     2f5c cg_noProjectileTrail
3     306c cg_noTaunt
3     317c cg_bigFont
3     328c cg_smallFont
3     339c cg_cameraMode
3     34ac cg_timescale
3     35bc cg_timescaleFadeSpeed
3     36cc cg_timescaleFadeEnd
3     37dc cg_cameraOrbitDelay
3     38ec cg_cameraOrbit
3     39fc cg_smoothClients
3     3b0c cg_itemTimer
3     3c1c cg_damagePlum
3     3d2c cg_scorePlum
3     3e3c cg_teamChatsOnly
3     3f4c cg_drawFriend
3     405c cg_deferPlayers
3     416c cg_predictItems
3     427c cg_blood
3     438c cg_paused
3     449c cg_buildScript
3     45ac cg_forceModel
3     46bc cg_stats
3     47cc cg_teamChatHeight
3     48dc cg_teamChatTime
3     49ec cg_drawSpeed
3     4afc cg_drawAttacker
3     4c0c cg_lagometer
3     4d1c cg_thirdPerson
3     4e2c cg_thirdPersonAngle
3     4f3c cg_thirdPersonRange
3     504c cg_zoomFov
3     515c cg_fov
3     526c cg_simpleItems
3     537c cg_ignore
3     548c cg_autoswitch
3     559c cg_tracerLength
3     56ac cg_tracerWidth
3     57bc cg_tracerChance
3     58cc cg_viewsize
3     59dc cg_drawGun
3     5aec cg_gun_z
3     5bfc cg_gun_y
3     5d0c cg_gun_x
3     5e1c cg_gun_frame
3     5f2c cg_brassTime
3     603c cg_addMarks
3     614c cg_footsteps
3     625c cg_showmiss
3     636c cg_noPlayerAnims
3     647c cg_nopredict
3     658c cg_errorDecay
3     669c cg_railTrailRadius
3     67ac cg_railTrailTime
3     68bc cg_debugEvents
3     69cc cg_debugPosition
3     6adc cg_debugAnim
3     6bec cg_animSpeed
3     6cfc cg_draw2D
3     6e0c cg_drawStatus
3     6f1c cg_crosshairHealth
3     702c cg_crosshairSize
3     713c cg_crosshairY
3     724c cg_crosshairX
3     735c cg_drawWeaponSelect
3     746c cg_teamOverlayUserinfo
3     757c cg_drawTeamOverlay
3     768c cg_drawRewards
3     779c cg_drawCrosshairNames
3     78ac cg_drawCrosshair
3     79bc cg_drawAmmoWarning
3     7acc cg_drawIcons
3     7bdc cg_draw3dIcons
3     7cec cg_drawSnapshot
3     7dfc cg_drawFPS
3     7f0c cg_drawTimer
3     801c cg_gibs
3     812c cg_shadows
3     823c cg_swingSpeed
3     834c cg_bobroll
3     845c cg_bobpitch
3     856c cg_bobup
3     867c cg_runroll
3     878c cg_runpitch
3     889c cg_centertime
3     89ac cg_items
3     b1ac cg_weapons
3     c6ac cg_entities
3   1c76ac cg
3   1ec150 cgs
3   218aa4 destinationsAngles
3   218aa8 destinations
3   218aac portalsAngles
3   218ab0 portals
3   218ab4 items
3   218ab8 pml
3   218b48 pm
3   218b4c one_over_mapgrid_factor^4
3   218b54 tracemap^4
3   2d8b70 cg_atmFx^5
3   31b294 kludgeResult^5
3   31b298 kludgeChecked^5
3   31b2b8 lagometer
3   31b8c0 teamChat2
3   31b9c0 teamChat1
3   31bac0 systemChat
3   31bbc0 numSortedTeamPlayers
3   31bbc4 sortedTeamPlayers
3   31bcbc loadingItemIcons^12
3   31bd24 loadingPlayerIcons^12
3   31bd64 loadingItemIconCount^12
3   31bd68 loadingPlayerIconCount^12
3   31bd6c cg_freeLocalEntities
3   31bd70 cg_activeLocalEntities
3   31be94 cg_localEntities
3   3ade94 oldtime
3   3ade98 rup
3   3adea4 rright
3   3adeb0 rforward
3   3adebc pvup
3   3adec8 pvright
3   3aded4 pvforward
3   3adee0 particles
3   3ccee0 free_particles
3   3ccee4 active_particles
3   3ccee8 numShaderAnims^14
3   3cceec shaderAnims^14
3   3ceeec markTotal^14
3   3ceef0 cg_freeMarkPolys
3   3ceef4 cg_activeMarkPolys
3   3cf014 cg_markPolys
3   3e101c cg_polyBuffersInuse
3   3e121c cg_polyBuffers
3   a6321c eventParm2
3   a6325c eventParms
3   a6329c events
3   a632dc eventStack
3   a632e0 cg_triggerEntities^18
3   a636e0 cg_numTriggerEntities^18
3   a636e4 cg_solidEntities^18
3   a63ae4 cg_numSolidEntities^18
3   a63ae8 cg_pmove^18
3   a63bc8 localClient^19
3   a63bcc frustum^22
3   a63c0c weaponRawOrder
3   a63c38 weaponOrder
3   a7967c is_separator^25
3   a79a7c com_tokenline^25
3   a79a80 com_lines^25
3   a79a84 com_parsename^25
3   a79e84 com_token^25
