0 fffffdba trap_BotLibSourceFileAndLine
0 fffffdbb trap_BotLibReadToken
0 fffffdbc trap_BotLibFreeSource
0 fffffdbd trap_BotLibLoadSource
0 fffffdbe trap_AAS_PointReachabilityAreaIndex
0 fffffdbf trap_AAS_PredictRoute
0 fffffdc0 trap_AAS_AlternativeRouteGoals
0 fffffdc1 trap_BotAddAvoidSpot
0 fffffdc2 trap_BotSetAvoidGoalTime
0 fffffdc3 trap_BotPredictVisiblePosition
0 fffffdc4 trap_BotRemoveFromAvoidGoals
0 fffffdc5 trap_BotGetChatMessage
0 fffffdc6 trap_BotNumInitialChats
0 fffffdc7 trap_BotGetMapLocationGoal
0 fffffdc8 trap_BotGetNextCampSpotGoal
0 fffffdc9 trap_BotMutateGoalFuzzyLogic
0 fffffdca trap_BotInterbreedGoalFuzzyLogic
0 fffffdcb trap_GeneticParentsAndChildSelection
0 fffffdcc trap_BotResetWeaponState
0 fffffdcd trap_BotFreeWeaponState
0 fffffdce trap_BotAllocWeaponState
0 fffffdcf trap_BotLoadWeaponWeights
0 fffffdd0 trap_BotGetWeaponInfo
0 fffffdd1 trap_BotChooseBestFightWeapon
0 fffffdd2 trap_BotInitMoveState
0 fffffdd3 trap_BotFreeMoveState
0 fffffdd4 trap_BotAllocMoveState
0 fffffdd5 trap_BotMovementViewTarget
0 fffffdd6 trap_BotReachabilityArea
0 fffffdd7 trap_BotResetLastAvoidReach
0 fffffdd8 trap_BotResetAvoidReach
0 fffffdd9 trap_BotMoveInDirection
0 fffffdda trap_BotMoveToGoal
0 fffffddb trap_BotResetMoveState
0 fffffddc trap_BotFreeGoalState
0 fffffddd trap_BotAllocGoalState
0 fffffdde trap_BotFreeItemWeights
0 fffffdde trap_BotSaveGoalFuzzyLogic
0 fffffde0 trap_BotLoadItemWeights
0 fffffde1 trap_BotUpdateEntityItems
0 fffffde2 trap_BotInitLevelItems
0 fffffde3 trap_BotAvoidGoalTime
0 fffffde4 trap_BotGetLevelItemGoal
0 fffffde5 trap_BotItemGoalInVisButNotVisible
0 fffffde6 trap_BotTouchingGoal
0 fffffde7 trap_BotChooseNBGItem
0 fffffde8 trap_BotChooseLTGItem
0 fffffde9 trap_BotGetSecondGoal
0 fffffdea trap_BotGetTopGoal
0 fffffdeb trap_BotGoalName
0 fffffdec trap_BotDumpGoalStack
0 fffffded trap_BotDumpAvoidGoals
0 fffffdee trap_BotEmptyGoalStack
0 fffffdef trap_BotPopGoal
0 fffffdf0 trap_BotPushGoal
0 fffffdf1 trap_BotResetAvoidGoals
0 fffffdf2 trap_BotResetGoalState
0 fffffdf3 trap_BotSetChatName
0 fffffdf4 trap_BotSetChatGender
0 fffffdf5 trap_BotLoadChatFile
0 fffffdf6 trap_BotReplaceSynonyms
0 fffffdf7 trap_UnifyWhiteSpaces
0 fffffdf8 trap_BotMatchVariable
0 fffffdf9 trap_BotFindMatch
0 fffffdfa trap_StringContains
0 fffffdfb trap_BotEnterChat
0 fffffdfc trap_BotChatLength
0 fffffdfd trap_BotReplyChat
0 fffffdfe trap_BotInitialChat
0 fffffdff trap_BotNumConsoleMessages
0 fffffe00 trap_BotNextConsoleMessage
0 fffffe01 trap_BotRemoveConsoleMessage
0 fffffe02 trap_BotQueueConsoleMessage
0 fffffe03 trap_BotFreeChatState
0 fffffe04 trap_BotAllocChatState
0 fffffe05 trap_Characteristic_String
0 fffffe06 trap_Characteristic_BInteger
0 fffffe07 trap_Characteristic_Integer
0 fffffe08 trap_Characteristic_BFloat
0 fffffe09 trap_Characteristic_Float
0 fffffe0a trap_BotFreeCharacter
0 fffffe0b trap_BotLoadCharacter
0 fffffe58 trap_EA_ResetInput
0 fffffe59 trap_EA_GetInput
0 fffffe5a trap_EA_EndRegular
0 fffffe5b trap_EA_View
0 fffffe5c trap_EA_Move
0 fffffe5d trap_EA_DelayedJump
0 fffffe5e trap_EA_Jump
0 fffffe5f trap_EA_SelectWeapon
0 fffffe60 trap_EA_MoveRight
0 fffffe61 trap_EA_MoveLeft
0 fffffe62 trap_EA_MoveBack
0 fffffe63 trap_EA_MoveForward
0 fffffe64 trap_EA_MoveDown
0 fffffe65 trap_EA_MoveUp
0 fffffe66 trap_EA_Crouch
0 fffffe67 trap_EA_Respawn
0 fffffe68 trap_EA_Use
0 fffffe69 trap_EA_Attack
0 fffffe6a trap_EA_Talk
0 fffffe6b trap_EA_Gesture
0 fffffe6c trap_EA_Action
0 fffffe6d trap_EA_Command
0 fffffe6e trap_EA_SayTeam
0 fffffe6f trap_EA_Say
0 fffffec1 trap_AAS_PredictClientMovement
0 fffffec2 trap_AAS_Swimming
0 fffffec3 trap_AAS_AreaTravelTimeToGoalArea
0 fffffec4 trap_AAS_AreaReachability
0 fffffec5 trap_AAS_IntForBSPEpairKey
0 fffffec6 trap_AAS_FloatForBSPEpairKey
0 fffffec7 trap_AAS_VectorForBSPEpairKey
0 fffffec8 trap_AAS_ValueForBSPEpairKey
0 fffffec9 trap_AAS_NextBSPEntity
0 fffffeca trap_AAS_PointContents
0 fffffecb trap_AAS_TraceAreas
0 fffffecc trap_AAS_PointAreaNum
0 fffffecd trap_AAS_Time
0 fffffece trap_AAS_PresenceTypeBoundingBox
0 fffffecf trap_AAS_Initialized
0 fffffed0 trap_AAS_EntityInfo
0 fffffed1 trap_AAS_AreaInfo
0 fffffed2 trap_AAS_BBoxAreas
0 fffffed3 trap_AAS_EnableRoutingArea
0 ffffff2c trap_BotUserCommand
0 ffffff2d trap_BotGetServerCommand
0 ffffff2e trap_BotGetSnapshotEntity
0 ffffff2f trap_BotLibTest
0 ffffff30 trap_BotLibUpdateEntity
0 ffffff31 trap_BotLibLoadMap
0 ffffff32 trap_BotLibStartFrame
0 ffffff33 trap_BotLibDefine
0 ffffff34 trap_BotLibVarGet
0 ffffff35 trap_BotLibVarSet
0 ffffff36 trap_BotLibShutdown
0 ffffff37 trap_BotLibSetup
0 ffffff8e testPrintFloat
0 ffffff8f testPrintInt
0 ffffff90 ceil
0 ffffff91 floor
0 ffffff95 sqrt
0 ffffff96 atan2
0 ffffff97 cos
0 ffffff98 sin
0 ffffff99 strncpy
0 ffffff9a memcpy
0 ffffff9b memset
0 ffffffd2 trap_FS_Seek
0 ffffffd3 trap_EntityContactCapsule
0 ffffffd4 trap_TraceCapsule
0 ffffffd5 trap_SnapVector
0 ffffffd6 trap_RealTime
0 ffffffd7 trap_DebugPolygonDelete
0 ffffffd8 trap_DebugPolygonCreate
0 ffffffd9 trap_FS_GetFileList
0 ffffffda trap_GetEntityToken
0 ffffffdb trap_GetUsercmd
0 ffffffdc trap_BotFreeClient
0 ffffffdd trap_BotAllocateClient
0 ffffffde trap_EntityContact
0 ffffffdf trap_EntitiesInBox
0 ffffffe0 trap_UnlinkEntity
0 ffffffe1 trap_LinkEntity
0 ffffffe2 trap_AreasConnected
0 ffffffe3 trap_AdjustAreaPortalState
0 ffffffe4 trap_InPVSIgnorePortals
0 ffffffe5 trap_InPVS
0 ffffffe6 trap_PointContents
0 ffffffe7 trap_Trace
0 ffffffe8 trap_SetBrushModel
0 ffffffe9 trap_GetServerinfo
0 ffffffea trap_SetUserinfo
0 ffffffeb trap_GetUserinfo
0 ffffffec trap_GetConfigstring
0 ffffffed trap_SetConfigstring
0 ffffffee trap_SendServerCommand
0 ffffffef trap_DropClient
0 fffffff0 trap_LocateGameData
0 fffffff1 trap_SendConsoleCommand
0 fffffff2 trap_FS_FCloseFile
0 fffffff3 trap_FS_Write
0 fffffff4 trap_FS_Read
0 fffffff5 trap_FS_FOpenFile
0 fffffff6 trap_Argv
0 fffffff7 trap_Argc
0 fffffff8 trap_Cvar_VariableStringBuffer
0 fffffff9 trap_Cvar_VariableIntegerValue
0 fffffffa trap_Cvar_Set
0 fffffffb trap_Cvar_Update
0 fffffffc trap_Cvar_Register
0 fffffffd trap_Milliseconds
0 fffffffe trap_Error
0 ffffffff trap_Print
0        0 vmMain
0       96 G_Printf
0       b7 G_BroadcastServerCommand
0       ee G_Error
0      107 G_FindTeams
0      1fc G_RemapTeamShaders
0      1ff G_RegisterCvars
0      289 G_UpdateCvars^0
0      2fc G_LocateSpawnSpots^0
0      495 G_InitGame^0
0      636 G_ShutdownGame^0
0      668 Com_Error
0      681 Com_Printf
0      69a AddTournamentPlayer
0      714 RemoveTournamentLoser
0      73b RemoveTournamentWinner
0      762 AdjustTournamentScores
0      7b7 SortRanks^0
0      872 CalculateRanks
0      af3 SendScoreboardMessageToAllClients^0
0      b1c MoveClientToIntermission
0      ba7 FindIntermissionPoint
0      c16 BeginIntermission
0      c8a ExitLevel
0      d37 G_LogPrintf
0      daf LogExit
0      e41 CheckIntermissionExit
0      f15 ScoreIsTied^0
0      f62 CheckExitRules^0
0     1058 ClearBodyQue^0
0     108b G_WarmupEnd^0
0     1288 CheckTournament^0
0     13a9 CheckVote^0
0     140e PrintTeam^0
0     144f SetLeader
0     150f CheckTeamLeader
0     15e1 CheckTeamVote^0
0     1696 CheckCvars
0     16c3 G_RunThink
0     16fc G_RunFrame^0
0     18b0 BotNumActivePlayers
0     1905 BotIsFirstInRankings
0     1968 BotIsLastInRankings
0     19cb BotFirstClientInRankings
0     1a3b BotLastClientInRankings
0     1aab BotRandomOpponentName
0     1b72 BotMapTitle^1
0     1b77 BotWeaponNameForMeansOfDeath
0     1bbe BotRandomWeaponName
0     1c05 BotVisibleEnemies
0     1c92 BotValidChatPosition
0     1d5a BotChat_EnterGame
0     1e14 BotChat_ExitGame
0     1ebf BotChat_StartLevel
0     1f5f BotChat_EndLevel
0     20a2 BotChat_Death
0     231b BotChat_Kill
0     246f BotChat_EnemySuicide
0     252c BotChat_HitTalking
0     261c BotChat_HitNoDeath
0     2729 BotChat_HitNoKill
0     280a BotChat_Random
0     2991 BotChatTime
0     2996 BotChatTest
0     31be BotGetItemTeamGoal
0     3205 BotGetMessageTeamGoal
0     3242 BotGetTime
0     32c1 FindClientByName
0     3322 FindEnemyByName
0     33a7 NumPlayersOnSameTeam
0     33eb BotGetPatrolWaypoints
0     3519 BotAddressedToBot
0     363a BotGPSToPosition
0     36da BotMatch_HelpAccompany
0     3917 BotMatch_DefendKeyArea
0     39d1 BotMatch_GetItem
0     3a6d BotMatch_Camp
0     3c2e BotMatch_Patrol
0     3cd2 BotMatch_GetFlag
0     3d65 BotMatch_AttackEnemyBase
0     3de9 BotMatch_RushBase
0     3e68 BotMatch_TaskPreference
0     3f29 BotMatch_ReturnFlag
0     3fa0 BotMatch_JoinSubteam
0     400d BotMatch_LeaveSubteam
0     4078 BotMatch_WhichTeam
0     40d2 BotMatch_CheckPoint
0     422c BotMatch_FormationSpace
0     428e BotMatch_Dismiss
0     42f6 BotMatch_Suicide
0     4339 BotMatch_StartTeamLeaderShip
0     4390 BotMatch_StopTeamLeaderShip
0     4401 BotMatch_WhoIsTeamLeader
0     4435 BotMatch_WhatAreYouDoing
0     4554 BotMatch_WhatIsMyCommand
0     457f BotNearestVisibleItem
0     4617 BotMatch_WhereAreYou
0     4745 BotMatch_LeadTheWay
0     48a3 BotMatch_Kill
0     4944 BotMatch_CTF
0     4a1d BotMatch_EnterGame
0     4a42 BotMatch_NewLeader
0     4a7b BotMatchMessage
0     4bdf BotResetNodeSwitches
0     4be5 BotDumpNodeSwitches
0     4c28 BotRecordNodeSwitch
0     4c5f BotGetAirGoal
0     4d1c BotGoForAir
0     4d99 BotNearbyGoal
0     4e05 BotReachedGoal
0     4f06 BotGetItemLongTermGoal
0     4f9d BotGetLongTermGoal
0     5d88 BotLongTermGoal
0     5fec AIEnter_Intermission
0     6028 AINode_Intermission
0     606b AIEnter_Observer
0     608b AINode_Observer
0     60a3 AIEnter_Stand
0     60c6 AINode_Stand
0     6163 AIEnter_Respawn
0     61e7 AINode_Respawn
0     6266 BotSelectActivateWeapon
0     6307 BotClearPath
0     6543 AIEnter_Seek_ActivateEntity
0     6559 AINode_Seek_ActivateEntity
0     6977 AIEnter_Seek_NBG
0     69ba AINode_Seek_NBG
0     6c34 AIEnter_Seek_LTG
0     6c77 AINode_Seek_LTG
0     6fc2 AIEnter_Battle_Fight
0     6ff3 AIEnter_Battle_SuicidalFight
0     7024 AINode_Battle_Fight
0     7309 AIEnter_Battle_Chase
0     732a AINode_Battle_Chase
0     75d4 AIEnter_Battle_Retreat
0     75ea AINode_Battle_Retreat
0     78e8 AIEnter_Battle_NBG
0     78fe AINode_Battle_NBG
0     7b81 BotSetUserInfo^4
0     7bb4 BotCTFCarryingFlag
0     7bd7 BotTeam
0     7c2f BotOppositeTeam
0     7c51 BotEnemyFlag
0     7c65 BotTeamFlag
0     7c79 EntityIsDead
0     7ca3 EntityCarriesFlag
0     7cc2 EntityIsInvisible
0     7ce3 EntityIsShooting
0     7cf5 EntityIsChatting
0     7d07 EntityHasQuad
0     7d19 BotRememberLastOrderedTask
0     7d56 BotSetTeamStatus
0     7d59 BotSetLastOrderedTask
0     7e4d BotRefuseOrder
0     7e7f BotCTFSeekGoals
0     83c1 BotCTFRetreatGoals
0     840b BotTeamGoals
0     842e BotPointAreaNum
0     8471 ClientName
0     84bc ClientSkin
0     84f1 ClientFromName
0     8536 ClientOnSameTeamFromName
0     858f stristr
0     85f4 EasyClientName
0     8758 BotSynonymContext
0     877e BotChooseWeapon
0     87e5 BotSetupForMovement
0     889b BotCheckItemPickup
0     889e BotUpdateInventory
0     8aed BotUpdateBattleInventory
0     8b33 BotBattleUseItems
0     8b73 BotSetTeleportTime
0     8b9a BotIsDead
0     8baf BotIsObserver
0     8be5 BotIntermission
0     8c0d BotInLavaOrSlime
0     8c27 BotCreateWayPoint
0     8c85 BotFindWayPoint
0     8cb4 BotFreeWaypoints
0     8cd7 BotInitWaypoints
0     8cfb TeamPlayIsOn
0     8d0d BotAggression
0     8de8 BotFeelingBad
0     8e1d BotWantsToRetreat
0     8e73 BotWantsToChase
0     8ec2 BotWantsToHelp
0     8ec7 BotCanAndWantsToRocketJump
0     8f32 BotHasPersistantPowerupAndWeapon
0     8fe8 BotGoCamp
0     9062 BotWantsToCamp
0     9194 BotDontAvoid
0     91d0 BotGoForPowerups
0     9205 BotRoamGoal
0     938b BotAttackMove
0     9673 BotSameTeam
0     96a5 InFieldOfVision
0     9734 BotEntityVisible
0     997b BotFindEnemy
0     9bfa BotTeamFlagCarrierVisible
0     9c6f BotTeamFlagCarrier
0     9cc1 BotEnemyFlagCarrierVisible
0     9d36 BotVisibleTeamMatesAndEnemies
0     9e06 BotAimAtEnemy
0     a5b2 BotCheckAttack
0     a832 BotMapScripts
0     a9e3 BotSetMovedir
0     aa19 BotModelMinsMaxs
0     ab09 BotFuncButtonActivateGoal
0     b012 BotFuncDoorActivateGoal
0     b0d2 BotTriggerMultipleActivateGoal
0     b207 BotPopFromActivateGoalStack
0     b244 BotPushOntoActivateGoalStack
0     b2d4 BotClearActivateGoalStack
0     b2ea BotEnableActivateGoalAreas
0     b342 BotIsGoingToActivateEntity
0     b3b8 BotGetActivateGoal
0     b849 BotGoForActivateGoal
0     b8a0 BotPrintActivateGoalInfo
0     b91e BotRandomMove
0     b958 BotAIBlocked
0     baf3 BotAIPredictObstacles
0     bbe3 BotCheckConsoleMessages
0     bdd8 BotCheckForGrenades
0     be01 BotCheckEvents
0     c026 BotCheckSnapshot
0     c095 BotCheckAir
0     c0b7 BotAlternateRoute
0     c11a BotGetAlternateRouteGoal
0     c1b9 BotSetupAlternativeRouteGoals
0     c1c5 BotDeathmatchAI
0     c3bb BotSetEntityNumForGoalWithModel
0     c443 BotSetEntityNumForGoal
0     c4bb BotGoalForBSPEntity
0     c55b BotSetupDeathmatchAI
0     c645 BotShutdownDeathmatchAI
0     c64b BotAI_Print
0     c6a5 BotAI_Trace
0     c71e BotAI_GetClientState
0     c74f BotAI_GetEntityState
0     c7c5 BotAI_GetSnapshotEntity
0     c7f6 BotAI_BotInitialChat
0     c878 BotTestAAS
0     c8ef BotReportStatus
0     ca7b BotTeamplayReport
0     cb5e BotSetInfoConfigString
0     cccb BotUpdateInfoConfigStrings
0     cd24 BotInterbreedBots
0     ce01 BotWriteInterbreeded
0     ce75 BotInterbreedEndMatch
0     ceb0 BotInterbreeding
0     cf50 BotEntityInfo
0     cf5c NumBots
0     cf62 BotTeamLeader
0     cf98 AngleDifference
0     cfc8 BotChangeViewAngle
0     d03c BotChangeViewAngles
0     d243 BotInputToUserCommand
0     d54b BotUpdateInput
0     d602 BotAIRegularUpdate
0     d613 RemoveColorEscapeSequences
0     d682 BotAI
0     d8ca BotScheduleBotThink
0     d90f BotWriteSessionData
0     d99f BotReadSessionData
0     da1c BotAISetupClient
0     dc65 BotAIShutdownClient
0     dd04 BotResetState
0     de21 BotAILoadMap
0     de89 BotAIStartFrame
0     e22a BotInitLibrary
0     e3b9 BotAISetup
0     e463 BotAIShutdown
0     e4ae BotValidTeamLeader
0     e4d5 BotNumTeamMates
0     e53c BotClientTravelTimeToGoal
0     e56d BotSortTeamMatesByBaseTravelTime
0     e66f BotSetTeamMateTaskPreference
0     e695 BotGetTeamMateTaskPreference
0     e6d0 BotSortTeamMatesByTaskPreference
0     e7be BotSayTeamOrderAlways
0     e811 BotSayTeamOrder
0     e81d BotVoiceChat
0     e820 BotVoiceChatOnly
0     e823 BotSayVoiceTeamOrder
0     e826 BotCTFOrders_BothFlagsNotAtBase
0     ea71 BotCTFOrders_FlagNotAtBase
0     ed41 BotCTFOrders_EnemyFlagNotAtBase
0     ef48 BotCTFOrders_BothFlagsAtBase
0     f213 BotCTFOrders
0     f277 BotCreateGroup
0     f2e5 BotTeamOrders
0     f3c1 FindHumanTeamLeader
0     f429 BotTeamAI
0     f620 BotVoiceChat_GetFlag
0     f68d BotVoiceChat_Offense
0     f6f0 BotVoiceChat_Defend
0     f774 BotVoiceChat_DefendFlag
0     f783 BotVoiceChat_Patrol
0     f7c1 BotVoiceChat_Camp
0     f8a4 BotVoiceChat_FollowMe
0     f994 BotVoiceChat_FollowFlagCarrier
0     f9b2 BotVoiceChat_ReturnFlag
0     fa03 BotVoiceChat_StartLeader
0     fa13 BotVoiceChat_StopLeader
0     fa3f BotVoiceChat_WhoIsLeader
0     fa83 BotVoiceChat_WantOnDefense
0     fae3 BotVoiceChat_WantOnOffense
0     fb43 BotVoiceChat_Dummy
0     fb46 BotVoiceChatCommand
0     fb4b P_DamageFeedback
0     fc06 P_WorldEffects
0     fd4a G_SetClientSound
0     fd76 ClientImpacts
0     fe12 G_ListPortals
0    100ad G_TouchTriggers
0    10268 SpectatorThink
0    10308 ClientInactivityTimer
0    1039f ClientTimerActions
0    104ca ClientIntermissionThink
0    1051c ClientEvents
0    10711 SendPendingPredictableEvents
0    107b4 ClientThink_real
0    10baf ClientThink
0    10bdf G_RunClient
0    10c05 SpectatorClientEndFrame
0    10cdd ClientEndFrame
0    10fda UpdateTournamentInfo
0    11124 SpawnModelOnVictoryPad^9
0    112f1 CelebrateStop^9
0    11318 CelebrateStart^9
0    11348 PodiumPlacementThink^9
0    115cb SpawnPodium^9
0    116a3 SpawnModelsOnVictoryPads
0    11745 Svcmd_AbortPodium_f
0    1175f trap_Cvar_VariableValue
0    11775 G_ParseInfos
0    1186b G_LoadArenasFromFile^10
0    118eb G_LoadArenas^10
0    11990 G_GetArenaInfoByMap
0    119cf PlayerIntroSound^10
0    11a20 G_AddRandomBot
0    11ba3 G_RemoveRandomBot
0    11c0c G_CountHumanPlayers^10
0    11c5c G_CountBotPlayers^10
0    11cd6 G_CheckMinimumPlayers
0    11e13 G_CheckBotSpawn
0    11e71 AddBotToSpawnQueue^10
0    11eb4 G_RemoveQueuedBotBegin
0    11edc G_BotConnect
0    11f3e G_AddBot^10
0    12185 Svcmd_AddBot_f
0    1222c Svcmd_BotList_f
0    122e8 G_SpawnBots^10
0    12394 G_LoadBotsFromFile^10
0    12414 G_LoadBots^10
0    124a0 G_GetBotInfoByNumber
0    124cb G_GetBotInfoByName
0    1250e G_InitBots
0    125df SP_info_player_deathmatch
0    12645 SP_info_player_start
0    12654 SP_info_player_intermission
0    12657 SpotWouldTelefrag
0    126d4 SelectRandomFurthestSpawnPoint^11
0    12877 SelectSpawnPoint
0    1288d SelectInitialSpawnPoint
0    12905 SelectSpectatorSpawnPoint
0    12916 InitBodyQue
0    12946 BodySink
0    1297c CopyToBodyQue
0    12af7 SetClientViewAngle
0    12b4c respawn
0    12ba5 TeamCount
0    12bee TeamConnectedCount
0    12c37 TeamLeader
0    12c7c PickTeam
0    12cb6 ClientUserinfoChanged
0    12f73 ClientConnect
0    13167 ClientBegin
0    13259 ClientSpawn
0    1374a ClientDisconnect
0    13890 DeathmatchScoreboardMessage
0    139bd Cmd_Score_f
0    139c6 CheatsOk
0    139f6 ConcatArgs
0    13a61 SanitizeString
0    13aae ClientNumberFromString
0    13b7a Cmd_Give_f
0    13d9e Cmd_God_f
0    13de7 Cmd_Notarget_f
0    13e30 Cmd_Noclip_f
0    13e88 Cmd_LevelShot_f
0    13ed5 Cmd_TeamTask_f
0    13f2c Cmd_Kill_f
0    13f7a BroadcastTeamChange
0    14000 AllowTeamSwitch^12
0    14051 SetTeam
0    14329 StopFollowing
0    143a0 Cmd_Team_f^12
0    1445b Cmd_Follow_f^12
0    144fb Cmd_FollowCycle_f
0    145a5 G_SayTo^12
0    14636 G_Say^12
0    1479c Cmd_Say_f^12
0    147d5 Cmd_Tell_f^12
0    14864 Cmd_GameCommand_f
0    148c7 Cmd_Where_f
0    14960 TokenizeAlphanumeric
0    14a2a ValidVoteCommand^12
0    14c06 Cmd_CallVote_f
0    14e03 Cmd_Vote_f^12
0    14ecf G_RevertVote
0    14ff1 Cmd_CallTeamVote_f^12
0    15362 Cmd_TeamVote_f^12
0    15466 Cmd_SetViewpos_f^12
0    154df Cmd_DropFlag_f
0    15550 Cmd_DropRune_f
0    155b5 Cmd_DropPowerup_f
0    15627 Cmd_DropItem_f
0    15658 Cmd_DropAmmo_f
0    156c6 Cmd_DropHealth_f
0    15714 Cmd_Drop_f
0    1597f Cmd_RBounce_f
0    159c9 Cmd_Cloak_f
0    15a28 Cmd_Boots_f
0    15a77 Cmd_Stats_f^12
0    15a7a Cmd_Rune_f^12
0    15bce ClientCommand
0    15f1c ScorePlum
0    15f51 AddScore
0    15f9e TossClientItems
0    16108 LookAtKiller
0    161a4 GibEntity
0    161c8 body_die
0    161e8 CheckAlmostCapture
0    162be CheckAlmostScored
0    1635b player_pain
0    163be player_die
0    16827 CheckArmor
0    16884 RaySphereIntersections
0    169fc G_LocationDamage
0    16c6d G_Damage
0    17118 CanDamage
0    172d8 G_RadiusDamage
0    17461 G_WaterRadiusDamage
0    17604 SpawnTime
0    176ba Pickup_Powerup
0    17821 Pickup_Holdable
0    17841 Add_Ammo^14
0    17878 Pickup_Ammo^14
0    178b7 Pickup_Weapon^14
0    1797a Pickup_Health^14
0    17a72 Pickup_Armor
0    17ac2 RespawnItem
0    17bb4 Touch_Item
0    17ec3 LaunchItem
0    17ffd Drop_Item
0    18056 Use_Item
0    1805f FinishSpawningItem
0    18184 G_CheckTeamItems
0    181d6 ClearRegisteredItems
0    18242 RegisterItem
0    1825a SaveRegisteredItems
0    182a2 G_ItemDisabled
0    182bb G_SpawnItem
0    183c7 G_BounceItem
0    1850f G_RunItem
0    185dc G_Alloc
0    1862b G_InitMemory
0    18631 Svcmd_GameMem_f
0    1863e SP_info_camp
0    18650 SP_info_null
0    18659 SP_info_notnull
0    1866b SP_light
0    18674 TeleportPlayer_real^16
0    18a44 TeleportPlayer
0    18a57 SP_misc_teleporter_dest
0    18a93 SP_misc_model
0    18a9c locateCamera
0    18b74 SP_misc_portal_surface
0    18bd2 SP_misc_portal_camera
0    18c22 Use_Shooter
0    18d36 InitShooter_Finish^16
0    18d5a InitShooter
0    18dc4 SP_shooter_rocket
0    18dcf SP_shooter_plasma
0    18dda SP_shooter_grenade
0    18de5 PortalDestroy
0    18e51 PortalDie^16
0    18e5a PortalTouch^16
0    18fe2 PortalEnable^16
0    1915a DropPortalDestination
0    19370 DropPortalSource
0    1956b fire_grenade
0    19581 G_BounceMissile
0    19699 G_ExplodeMissile
0    197c1 G_MissileDie
0    197e4 G_MissileImpact
0    19b20 G_RunMissile
0    19bfa fire_plasma
0    19d3b G_Suck^17
0    19f3b fire_grenade_real
0    1a0a8 fire_portal
0    1a1df fire_bfg
0    1a331 rocket_think
0    1a49b fire_rocket
0    1a6bc fire_grapple
0    1a81a G_TestEntityPosition
0    1a892 G_CreateRotationMatrix
0    1a8b4 G_TransposeMatrix
0    1a8f3 G_RotatePoint
0    1a95b G_TryPushingEntity
0    1abda G_CheckProxMinePosition
0    1ac5c G_TryPushingProxMine
0    1ad86 G_MoverPush
0    1b06e G_MoverTeam
0    1b1c7 G_RunMover
0    1b1f3 SetMoverState
0    1b40b MatchTeam
0    1b433 ReturnToPos1
0    1b464 ReturnToApos1
0    1b495 Reached_BinaryMover
0    1b5db Use_BinaryMover
0    1b7ed InitMover
0    1b958 InitRotator
0    1bac3 Blocked_Door
0    1bb38 Touch_DoorTriggerSpectator^18
0    1bbd5 Touch_DoorTrigger
0    1bc4a Think_SpawnNewDoorTrigger
0    1bd42 Think_MatchTeam
0    1bd58 SP_func_door_rotating
0    1bf5e SP_func_door
0    1c121 Touch_Plat
0    1c14b Touch_PlatCenterTrigger
0    1c174 SpawnPlatTrigger
0    1c246 SP_func_plat
0    1c32b Touch_Button
0    1c34e SP_func_button
0    1c470 Think_BeginMoving
0    1c480 Reached_Train
0    1c557 Think_SetupTrainTargets
0    1c60e SP_path_corner
0    1c62f SP_func_train
0    1c6ba SP_func_static
0    1c6e5 SP_func_rotating
0    1c773 SP_func_bobbing
0    1c815 SP_func_pendulum
0    1c8be G_MapExist
0    1c908 G_LoadMap
0    1c9b6 ParseMapRotation
0    1cb7d G_WriteClientSessionData
0    1cbd3 G_ReadClientSessionData
0    1cc39 G_ClearClientSessionData
0    1cc56 G_InitSessionData
0    1cd42 G_InitWorldSession
0    1cd6a G_WriteSessionData
0    1cda5 G_SpawnString
0    1cdf1 G_SpawnFloat
0    1ce13 G_SpawnInt
0    1ce35 G_SpawnVector
0    1ce64 SP_item_botroam
0    1ce67 G_CallSpawn
0    1ceea G_NewString
0    1cf72 G_ParseField
0    1d058 G_SpawnGEntityFromSpawnVars
0    1d145 G_AddSpawnVarToken
0    1d186 G_ParseSpawnVars
0    1d216 SP_worldspawn
0    1d2fb G_SpawnEntitiesFromString
0    1d324 StringToFilter^22
0    1d3eb UpdateIPBans^22
0    1d498 G_FilterPacket
0    1d541 AddIP^22
0    1d597 G_ProcessIPBans
0    1d5ed Svcmd_AddIP_f
0    1d60d Svcmd_RemoveIP_f
0    1d673 Svcmd_EntityList_f
0    1d72d ClientForString
0    1d7c8 Svcmd_ForceTeam_f
0    1d80d Svcmd_Freeze_f
0    1d8ba Svcmd_Rotate_f
0    1d911 ConsoleCommand
0    1da46 Use_Target_Give
0    1daae SP_target_give
0    1dab7 Use_target_remove_powerups
0    1dafb SP_target_remove_powerups
0    1db04 Think_Target_Delay
0    1db17 Use_Target_Delay
0    1db52 SP_target_delay
0    1db89 Use_Target_Score
0    1dba7 SP_target_score
0    1dbbd Use_Target_Print
0    1dc50 SP_target_print
0    1dc59 Use_Target_Speaker
0    1dcc8 SP_target_speaker
0    1ddbd target_laser_think
0    1dee6 target_laser_on
0    1df01 target_laser_off
0    1df10 target_laser_use
0    1df33 target_laser_start
0    1dfc0 SP_target_laser
0    1dfd2 target_teleporter_use
0    1e00f SP_target_teleporter
0    1e03a target_relay_use
0    1e0ca SP_target_relay
0    1e0d3 target_kill_use
0    1e0f0 SP_target_kill
0    1e0f9 SP_target_position
0    1e10b target_location_linkup^23
0    1e17e SP_target_location
0    1e19f target_use_exec
0    1e1e4 SP_target_exec
0    1e228 target_earthquake
0    1e23d SP_target_earthquake
0    1e2a4 target_player_stop
0    1e2c8 SP_target_player_stop
0    1e305 Team_InitGame
0    1e330 OtherTeam
0    1e346 TeamName
0    1e363 OtherTeamName
0    1e380 TeamColorString
0    1e39d PrintMsg
0    1e3f3 AddTeamScore
0    1e4de OnSameTeam
0    1e512 Team_SetFlagStatus^24
0    1e583 Team_CheckDroppedItem
0    1e5bd Team_ForceGesture^24
0    1e609 Team_FragBonuses
0    1eb01 Team_CheckHurtCarrier
0    1eb7c Team_ResetFlag^24
0    1ebe6 Team_ResetFlags
0    1ebf7 Team_ReturnFlagSound^24
0    1ec1f Team_TakeFlagSound^24
0    1ec79 Team_CaptureFlagSound^24
0    1eca1 Team_ReturnFlag
0    1ecd6 Team_FreeEntity
0    1ed0a Team_DroppedFlagThink
0    1ed4b Team_TouchOurFlag^24
0    1efaf Team_TouchEnemyFlag^24
0    1f007 Pickup_Team
0    1f083 Team_GetLocation
0    1f101 Team_GetLocationMsg
0    1f168 SelectRandomTeamSpawnPoint
0    1f21f SelectCTFSpawnPoint
0    1f26a SortClients^24
0    1f275 TeamplayInfoMessage
0    1f3a8 CheckTeamStatus
0    1f461 SP_team_CTF_redplayer
0    1f464 SP_team_CTF_blueplayer
0    1f467 SP_team_CTF_redspawn
0    1f46a SP_team_CTF_bluespawn
0    1f46d InitTrigger
0    1f4a8 multi_wait
0    1f4b1 multi_trigger
0    1f554 Use_Multi
0    1f560 Touch_Multi
0    1f575 SP_trigger_multiple
0    1f5cf trigger_always_think
0    1f5e5 SP_trigger_always
0    1f5f7 trigger_push_touch
0    1f638 AimAtTarget
0    1f72e SP_trigger_push
0    1f76f Use_target_push
0    1f7bf SP_target_push
0    1f863 trigger_teleporter_touch
0    1f8bd SP_trigger_teleport
0    1f93d hurt_use
0    1f955 hurt_touch
0    1fa0b SP_trigger_hurt
0    1fa5c func_timer_think
0    1fa96 func_timer_use
0    1fab9 SP_func_timer
0    1fb2b AddRemap
0    1fba6 BuildShaderStateConfig
0    1fbec G_FindConfigstringIndex
0    1fc60 G_ModelIndex
0    1fc73 G_SoundIndex
0    1fc86 G_TeamCommand
0    1fcbf G_Find
0    1fd1e G_PickTarget
0    1fd8a G_UseTargets
0    1fe20 tv
0    1fe52 vtos
0    1fe92 G_SetMovedir
0    1fedc vectoyaw
0    1ff2b G_InitGentity
0    1ff53 G_Spawn
0    1fffa G_EntitiesFree
0    20025 G_FreeEntity
0    20058 G_TempEntity
0    200b2 G_KillBox
0    20165 G_AddPredictableEvent
0    20182 G_AddEvent
0    201fe G_Sound
0    20217 G_SetOrigin
0    20250 DebugLine
0    20344 findradius
0    203cf G_ResetHistory
0    20443 G_StoreHistory
0    204af TimeShiftLerp^27
0    20508 G_TimeShiftClient
0    20658 G_TimeShiftAllClients
0    206b2 G_DoTimeShiftFor
0    206f8 G_UnTimeShiftClient
0    2073d G_UnTimeShiftAllClients
0    20793 G_UndoTimeShiftFor
0    207b9 G_PredictPlayerClipVelocity^27
0    20831 G_PredictPlayerSlideMove
0    20b0c G_PredictPlayerStepSlideMove
0    20bc1 G_PredictPlayerMove
0    20bcd CalcMuzzlePointOrigin
0    20c2c G_BounceProjectile
0    20cd9 Weapon_Gauntlet
0    20cdc CheckGauntletAttack
0    20e08 SnapVectorTowards
0    20e9e Bullet_Fire^28
0    21065 BFG_Fire
0    210bd ShotgunPellet^28
0    21148 ShotgunPattern^28
0    21225 weapon_supershotgun_fire^28
0    2129b SpreadFire_Powerup^28
0    213ad weapon_grenadelauncher_fire
0    21402 Weapon_RocketLauncher_Fire
0    21486 Weapon_Plasmagun_Fire
0    214ba weapon_railgun_fire
0    2172d Weapon_GrapplingHook_Fire
0    2175b Weapon_HookFree
0    21788 Weapon_HookThink
0    21814 Weapon_LightningFire
0    21a02 Laser_Think
0    21ad7 Laser_Gen
0    21b65 dropWeapon
0    21bda ThrowWeapon
0    21cbb LogAccuracyHit
0    21d12 FireWeapon
0    21dfb swapfunc^29
0    21e82 med3^29
0    21f15 qsort
0    222c8 strlen
0    222e3 strcat
0    2231d strcpy
0    22349 strcmp
0    22385 strchr
0    223b5 strstr
0    22403 tolower
0    2241b toupper
0    22433 memmove
0    22486 tan
0    2249d srand
0    224a4 rand
0    224ba atof
0    2257b _atof
0    22642 atoi
0    226ba abs
0    226d3 fabs
0    226ec BG_FindItemForRune
0    22725 BG_FindItemForPowerup
0    2276c BG_FindItemForHoldable
0    227a8 BG_FindItemForHealth
0    227df BG_FindItemForAmmo
0    22816 BG_FindItemForWeapon
0    2284d BG_FindItem
0    2287c BG_PlayerTouchesItem
0    228d6 BG_CanItemBeGrabbed
0    22a20 BG_EvaluateTrajectory
0    22c5a BG_EvaluateTrajectoryDelta
0    22db2 BG_AddPredictableEventToPlayerstate
0    22de9 BG_TouchJumpPad
0    22e56 BG_PlayerStateToEntityState
0    2303b BG_PlayerStateToEntityStateExtraPolate
0    2322d replace_s
0    233b1 replace1
0    233eb strtok
0    23499 BG_StripColor
0    234f2 EncodedString
0    2359f hex2dec^30
0    23625 DecodedString
0    23711 BG_stricmp
0    2375c Q_stristr
0    237bd BG_CleanName
0    238c8 Q_strcpy
0    238f8 Q_stradd
0    2392b Q_strlen
0    2394a BigEndian
0    2395f AddInt^30
0    23a3a AddFloat^30
0    23b4f AddString^30
0    23be1 ED_vsprintf
0    23dd1 BG_sprintf
0    23dee _atoi^30
0    23e5e _atof^30
0    23f16 _atos^30
0    23f9c Q_sscanf
0    240db PM_AddEvent
0    240ec PM_AddTouchEnt
0    24145 PM_StartTorsoAnim^31
0    24168 PM_StartLegsAnim^31
0    24195 PM_ContinueLegsAnim^31
0    241b5 PM_ContinueTorsoAnim^31
0    241d5 PM_ForceLegsAnim^31
0    241e5 PM_ClipVelocity
0    24256 PM_Friction^31
0    2437b PM_Accelerate^31
0    243f5 PM_CmdScale^31
0    24499 PM_SetMovementDir^31
0    245b8 PM_CheckJump^31
0    24647 PM_CheckWaterJump^31
0    2472b PM_WaterJumpMove^31
0    2476c PM_WaterMove^31
0    248a5 PM_FlyMove^31
0    24930 PM_AirMove^31
0    249d9 PM_GrappleMove^31
0    24a87 PM_WalkMove^31
0    24c9b PM_DeadMove^31
0    24d12 PM_NoclipMove^31
0    24e6a PM_FootstepForSurface^31
0    24e83 PM_CrashLand^31
0    24f84 PM_CorrectAllSolid^31
0    25073 PM_GroundTraceMissed^31
0    2510c PM_GroundTrace^31
0    25281 PM_SetWaterLevel^31
0    25356 PM_CheckDuck^31
0    254a4 PM_Footsteps^31
0    255f0 PM_WaterEvents^31
0    25633 PM_BeginWeaponChange^31
0    2568c PM_FinishWeaponChange^31
0    256ec PM_TorsoAnimation^31
0    2570b PM_Weapon^31
0    25a40 PM_Animate^31
0    25a65 PM_DropTimers^31
0    25aef PM_UpdateViewAngles
0    25b9d PM_LadderMove^31
0    25cc9 CheckLadder^31
0    25d3c PmoveSingle^31
0    26078 Pmove
0    2613a PM_SlideMove
0    26526 PM_StepSlideMove
0    266b2 BG_LoadTraceMap
0    26a9c BG_ClampPointToTracemapExtends^33
0    26aef BG_GetSkyHeightAtPoint
0    26b2c BG_GetSkyGroundHeightAtPoint
0    26b69 BG_GetGroundHeightAtPoint
0    26ba6 BG_GetTracemapGroundFloor
0    26bb4 BG_GetTracemapGroundCeil
0    26bc2 etpro_FinalizeTracemapClamp
0    26bed Q_rand
0    26c02 Q_random
0    26c14 Q_crandom
0    26c25 VectorCompare
0    26c53 VectorLength
0    26c84 VectorLengthSquared
0    26cae Distance
0    26ce5 DistanceSquared
0    26d29 VectorNormalizeFast
0    26d82 VectorInverse
0    26da6 CrossProduct
0    26dff ClampChar
0    26e1a ClampShort
0    26e35 DirToByte
0    26e90 ByteToDir
0    26eae ColorBytes3
0    26f1d ColorBytes4
0    26faf NormalizeColor
0    27019 PlaneFromPoints
0    270b1 RotatePointAroundVector
0    271c2 RotateAroundDirection
0    271fe vectoangles
0    272ac AnglesToAxis
0    272e1 AxisClear
0    2731c AxisCopy
0    2733e ProjectPointOnPlane
0    273f5 MakeNormalVectors
0    27484 VectorRotate
0    27501 Q_rsqrt
0    2753c Q_fabs
0    2754c LerpAngle
0    27581 AngleSubtract
0    275a6 AnglesSubtract
0    275f4 AngleMod
0    2760a AngleNormalize360
0    27618 AngleNormalize180
0    27637 AngleDelta
0    27647 SetPlaneSignbits
0    27678 BoxOnPlaneSide
0    27955 RadiusFromBounds
0    279b0 ClearBounds
0    279e7 AddPointToBounds
0    27a64 VectorNormalize
0    27ace VectorNormalize2
0    27b4a _VectorMA
0    27b90 _DotProduct
0    27bbb _VectorSubtract
0    27bf4 _VectorAdd
0    27c2d _VectorCopy
0    27c52 _VectorScale
0    27c84 Vector4Scale
0    27cc3 Q_log2
0    27ce6 MatrixMultiply
0    27e4f AngleVectors
0    27f41 PerpendicularVector
0    27fa3 Com_Clamp
0    27fc1 COM_SkipPath
0    27fe9 COM_StripExtension
0    28034 COM_DefaultExtension
0    28080 COM_BeginParseSession
0    28095 COM_GetCurrentParseLine
0    280a4 COM_Parse
0    280b3 COM_ParseError
0    280d3 COM_ParseWarning
0    280f3 SkipWhitespace^35
0    28132 COM_Compress
0    28282 COM_ParseExt
0    283e3 COM_MatchToken
0    2840c SkipBracedSection
0    2844e SkipRestOfLine
0    28488 Com_InitSeparators
0    2849a SkipTillSeparators
0    284dd COM_ParseSep
0    28665 Com_Split
0    2874f Parse1DMatrix
0    2879a Parse2DMatrix
0    287e1 Parse3DMatrix
0    28832 Q_isprint
0    28847 Q_islower
0    2885c Q_isupper
0    28871 Q_isalpha
0    2888e Q_strrchr
0    288c2 Q_strncpyz
0    28905 Q_stricmpn
0    28994 Q_strncmp
0    289ea Q_stricmp
0    28a6b Q_strlwr
0    28a91 Q_strupr
0    28ab7 Q_strcat
0    28ae3 Q_PrintStrlen
0    28b2e Q_CleanStr
0    28b8f Com_sprintf
0    28bbe va
0    28bed Q_strkey^35
0    28c2c Info_ValueForKey
0    28d1c Info_NextPair
0    28db4 Info_RemoveKey^35
0    28e5a Info_Validate
0    28e8b Info_ValidateKeyValue
0    28ec4 Info_SetValueForKey
0    28f6d Info_SetValueForKey_Big
0   3b24e4 _stackStart
0   3c24e4 _stackEnd
1        4 gameCvarTable^0
1      edc VEC_UP^4
1      ee8 MOVEDIR_UP^4
1      ef4 VEC_DOWN^4
1      f00 MOVEDIR_DOWN^4
1     10dc offsetFirst^9
1     10e8 offsetSecond^9
1     10f4 offsetThird^9
1     1100 playerMins
1     110c playerMaxs
1     1140 gc_orders^12
1     115c voteCommands^12
1     118c modNames
1     125c PORTAL_SIZE^16
1     1288 fields
1     1390 spawns
1     15b4 num_target_execs
1     15b8 remapCount
1     1620 randSeed^29
1     1624 bg_itemlist
1     29d8 bg_numItems
1     2a38 eventnames
1     2c80 pm_stopspeed
1     2c84 pm_duckScale
1     2c88 pm_swimScale
1     2c8c pm_wadeScale
1     2c90 pm_ladderScale
1     2c94 pm_ladderfriction
1     2c98 pm_ladderAccelerate
1     2c9c pm_accelerate
1     2ca0 pm_airaccelerate
1     2ca4 pm_wateraccelerate
1     2ca8 pm_flyaccelerate
1     2cac pm_friction
1     2cb0 pm_waterfriction
1     2cb4 pm_flightfriction
1     2cb8 pm_spectatorfriction
1     2cbc c_pmove
1     2cc0 pm_respawntimer^31
1     2d04 vec3_origin
1     2d10 axisDefault
1     2d34 colorBlack
1     2d44 colorRed
1     2d54 colorGreen
1     2d64 colorBlue
1     2d74 colorYellow
1     2d84 colorMagenta
1     2d94 colorCyan
1     2da4 colorWhite
1     2db4 colorLtGrey
1     2dc4 colorMdGrey
1     2dd4 colorDkGrey
1     2de4 g_color_table
1     2e64 bytedirs
2     4d74 ctfFlagStatusRemap^24
2     4d79 oneFlagStatusRemap^24
2     6f82 locase
3      f00 trap_GetValue
3      f04 g_callvotable
3     1014 wp_grappleCycle
3     1124 wp_bfgCycle
3     1234 wp_railCycle
3     1344 wp_plasmaCycle
3     1454 wp_rocketCycle
3     1564 wp_grenadeCycle
3     1674 wp_machineCycle
3     1784 wp_shotgunCycle
3     1894 wp_lightCycle
3     19a4 wp_gauntCycle
3     1ab4 g_wallWalk
3     1bc4 g_listEntity
3     1cd4 g_podiumDrop
3     1de4 g_podiumDist
3     1ef4 g_logSync
3     2004 g_log
3     2114 g_maxclients
3     2224 g_clients
3    1b924 svf_self_portal2
3    1b928 g_hotBFG
3    1ba38 g_hotRockets
3    1bb48 g_instagib
3    1bc58 g_unholyTrinity
3    1bd68 g_enableLaser
3    1be78 g_enableBoots
3    1bf88 g_locDamage
3    1c098 g_dropWeapon
3    1c1a8 g_vortexGrenades
3    1c2b8 g_clusterGrenades
3    1c3c8 g_enableCloak
3    1c4d8 wp_rocketAccel
3    1c5e8 wp_rocketVuln
3    1c6f8 wp_plasmaBounce
3    1c808 wp_rocketBounce
3    1c918 wp_bfgBounce
3    1ca28 wp_railBounce
3    1cb38 wp_rocketHoming
3    1cc48 g_thawTime
3    1cd58 g_flagReturn
3    1ce68 g_altGrapple
3    1cf78 g_altPortal
3    1d088 wp_portalEnable
3    1d198 wp_grappleTime
3    1d2a8 wp_grappleSpeed
3    1d3b8 wp_grappleDamage
3    1d4c8 wp_grapplePull
3    1d5d8 wp_grappleEnable
3    1d6e8 wp_bfgTime
3    1d7f8 wp_bfgSpeed
3    1d908 wp_bfgRadius
3    1da18 wp_bfgSplash
3    1db28 wp_bfgDamage
3    1dc38 wp_railDamage
3    1dd48 wp_plasmaTime
3    1de58 wp_plasmaSpeed
3    1df68 wp_plasmaRadius
3    1e078 wp_plasmaSplash
3    1e188 wp_plasmaDamage
3    1e298 wp_rocketTime
3    1e3a8 wp_rocketSpeed
3    1e4b8 wp_rocketRadius
3    1e5c8 wp_rocketSplash
3    1e6d8 wp_rocketDamage
3    1e7e8 wp_grenadeTime
3    1e8f8 wp_grenadeSpeed
3    1ea08 wp_grenadeRadius
3    1eb18 wp_grenadeSplash
3    1ec28 wp_grenadeDamage
3    1ed38 wp_machineDamageTeam
3    1ee48 wp_machineDamage
3    1ef58 wp_shotgunDamage
3    1f068 wp_lightDamage
3    1f178 wp_gauntDamage
3    1f288 g_jumpVelocity
3    1f398 g_hasteFactor
3    1f4a8 g_predictPVS
3    1f5b8 g_unlagged
3    1f6c8 g_rotation
3    1f7d8 pmove_msec
3    1f8e8 pmove_fixed
3    1f9f8 g_smoothClients
3    1fb08 g_filterBan
3    1fc18 g_banIPs
3    1fd28 g_teamForceBalance
3    1fe38 g_autoJoin
3    1ff48 g_allowVote
3    20058 g_blood
3    20168 g_warmup
3    20278 g_motd
3    20388 g_synchronousClients
3    20498 g_weaponTeamRespawn
3    205a8 g_weaponRespawn
3    206b8 g_debugDamage
3    207c8 g_debugAlloc
3    208d8 g_debugMove
3    209e8 g_inactivity
3    20af8 g_forcerespawn
3    20c08 g_quadfactor
3    20d18 g_knockback
3    20e28 g_speed
3    20f38 g_gravity
3    21048 g_needpass
3    21158 g_password
3    21268 g_friendlyFire
3    21378 g_capturelimit
3    21488 g_timelimit
3    21598 g_fraglimit
3    216a8 g_dmflags
3    217b8 g_restarted
3    218c8 g_maxGameClients
3    219d8 g_cheats
3    21ae8 g_dedicated
3    21bf8 g_fps
3    21d08 g_mapname
3    21e18 g_gametype
3    21f28 g_entities
3   1f3f28 level
3   1f6da8 notleader
3   1f6ea8 nodeswitch
3   1f8b58 numnodeswitches
3   1f8b5c blue_numaltroutegoals
3   1f8b60 blue_altroutegoals
3   1f8e60 red_numaltroutegoals
3   1f8e64 red_altroutegoals
3   1f9164 altroutegoals_setup
3   1f9168 max_bspmodelindex
3   1f916c lastteleport_time
3   1f9170 lastteleport_origin
3   1f917c bot_spSkill
3   1f928c bot_predictobstacles
3   1f939c botai_freewaypoints
3   1f93a0 botai_waypoints
3   1fc5a0 ctf_blueflag
3   1fc5d8 ctf_redflag
3   1fc610 bot_challenge
3   1fc720 bot_testrchat
3   1fc830 bot_nochat
3   1fc940 bot_fastchat
3   1fca50 bot_rocketjump
3   1fcb60 bot_grapple
3   1fcc70 bot_instagib
3   1fcd80 gametype
3   1fdd94 bot_interbreedwrite
3   1fdea4 bot_interbreedcycle
3   1fdfb4 bot_interbreedbots
3   1fe0c4 bot_interbreedchar
3   1fe1d4 bot_developer
3   1fe2e4 bot_testclusters
3   1fe3f4 bot_testsolid
3   1fe504 bot_report
3   1fe614 bot_pause
3   1fe724 bot_saveroutingcache
3   1fe834 bot_memorydump
3   1fe944 bot_thinktime
3   1fea54 bot_interbreedmatchcount
3   1fea58 bot_interbreed
3   1fea5c regularupdate_time
3   1fea60 numbots
3   1fea64 botstates
3   1feb64 mapname
3   1feba4 floattime
3   1feba8 ctftaskpreferences
3   1ffcf0 podium3
3   1ffcf4 podium2
3   1ffcf8 podium1
3   1ffd00 bot_minplayers
3   1ffe10 botSpawnQueue^10
3   1ffe90 g_arenaInfos^10
3   200e90 g_numArenas
3   200e94 g_botInfos^10
3   201e94 g_numBots^10
3   201e98 ban_reason^11
3   202398 props^12
3   20439c itemRegistered
3   20479c allocPoint^15
3   2047a0 memoryPool^15
3   2c47a0 pushed_p
3   2c47a4 pushed
3   2cc7a4 numIPFilters^22
3   2cc7a8 ipFilters^22
3   2ce7a8 target_execs
3   2cea28 neutralObelisk
3   2cea2c teamgame
3   2cfbb8 remappedShaders
3   2d3db8 muzzle_origin^28
3   2d3dc4 muzzle^28
3   2d3dd0 up^28
3   2d3ddc right^28
3   2d3de8 forward^28
3   2d3df4 s_quadFactor^28
3   2dbdf8 destinationsAngles
3   2dbdfc destinations
3   2dbe00 portalsAngles
3   2dbe04 portals
3   2dbe08 items
3   2dbe0c pml
3   2dbe9c pm
3   2dbea0 one_over_mapgrid_factor^33
3   2dbea8 tracemap^33
3   3b18dc is_separator^35
3   3b1cdc com_tokenline^35
3   3b1ce0 com_lines^35
3   3b1ce4 com_parsename^35
3   3b20e4 com_token^35
