0 ffffff93 ceil
0 ffffff94 floor
0 ffffff95 sqrt
0 ffffff96 atan2
0 ffffff97 cos
0 ffffff98 sin
0 ffffff99 strncpy
0 ffffff9a memcpy
0 ffffff9b memset
0 ffffffa8 trap_SetPbClStatus
0 ffffffa9 trap_FS_Seek
0 ffffffaa trap_LAN_CompareServers
0 ffffffab trap_LAN_ServerIsVisible
0 ffffffac trap_LAN_GetServerPing
0 ffffffad trap_LAN_ServerStatus
0 ffffffae trap_VerifyCDKey
0 ffffffaf trap_R_RemapShader
0 ffffffb0 trap_CIN_SetExtents
0 ffffffb1 trap_CIN_DrawCinematic
0 ffffffb2 trap_CIN_RunCinematic
0 ffffffb3 trap_CIN_StopCinematic
0 ffffffb4 trap_CIN_PlayCinematic
0 ffffffb5 trap_LAN_RemoveServer
0 ffffffb6 trap_LAN_AddServer
0 ffffffb7 trap_LAN_SaveCachedServers
0 ffffffb8 trap_LAN_LoadCachedServers
0 ffffffb9 trap_LAN_ResetPings
0 ffffffba trap_LAN_UpdateVisiblePings
0 ffffffbb trap_LAN_MarkServerVisible
0 ffffffbc trap_LAN_GetServerInfo
0 ffffffbd trap_LAN_GetServerAddressString
0 ffffffbe trap_LAN_GetServerCount
0 ffffffbf trap_RealTime
0 ffffffc0 trap_S_StartBackgroundTrack
0 ffffffc1 trap_S_StopBackgroundTrack
0 ffffffc2 trap_PC_SourceFileAndLine
0 ffffffc3 trap_PC_ReadToken
0 ffffffc4 trap_PC_FreeSource
0 ffffffc5 trap_PC_LoadSource
0 ffffffc6 trap_PC_AddGlobalDefine
0 ffffffc7 trap_R_ModelBounds
0 ffffffc8 trap_R_RegisterFont
0 ffffffc9 trap_SetCDKey
0 ffffffca trap_GetCDKey
0 ffffffcb trap_MemoryRemaining
0 ffffffcc trap_Cvar_Update
0 ffffffcd trap_Cvar_Register
0 ffffffce trap_LAN_GetPingInfo
0 ffffffcf trap_LAN_GetPing
0 ffffffd0 trap_LAN_ClearPing
0 ffffffd1 trap_LAN_GetPingQueueCount
0 ffffffd2 trap_GetConfigString
0 ffffffd3 trap_GetClientState
0 ffffffd4 trap_GetGlconfig
0 ffffffd5 trap_GetClipboardData
0 ffffffd6 trap_Key_SetCatcher
0 ffffffd7 trap_Key_GetCatcher
0 ffffffd8 trap_Key_ClearStates
0 ffffffd9 trap_Key_SetOverstrikeMode
0 ffffffda trap_Key_GetOverstrikeMode
0 ffffffdb trap_Key_IsDown
0 ffffffdc trap_Key_SetBinding
0 ffffffdd trap_Key_GetBindingBuf
0 ffffffde trap_Key_KeynumToStringBuf
0 ffffffdf trap_S_StartLocalSound
0 ffffffe0 trap_S_RegisterSound
0 ffffffe1 trap_CM_LoadModel
0 ffffffe2 trap_CM_LerpTag
0 ffffffe3 trap_UpdateScreen
0 ffffffe4 trap_R_DrawStretchPic
0 ffffffe5 trap_R_SetColor
0 ffffffe6 trap_R_RenderScene
0 ffffffe7 trap_R_AddLightToScene
0 ffffffe8 trap_R_AddPolyToScene
0 ffffffe9 trap_R_AddRefEntityToScene
0 ffffffea trap_R_ClearScene
0 ffffffeb trap_R_RegisterShaderNoMip
0 ffffffec trap_R_RegisterSkin
0 ffffffed trap_R_RegisterModel
0 ffffffee trap_FS_GetFileList
0 ffffffef trap_FS_FCloseFile
0 fffffff0 trap_FS_Write
0 fffffff1 trap_FS_Read
0 fffffff2 trap_FS_FOpenFile
0 fffffff3 trap_Cmd_ExecuteText
0 fffffff4 trap_Argv
0 fffffff5 trap_Argc
0 fffffff6 trap_Cvar_InfoStringBuffer
0 fffffff7 trap_Cvar_Create
0 fffffff8 trap_Cvar_Reset
0 fffffff9 trap_Cvar_SetValue
0 fffffffa trap_Cvar_VariableStringBuffer
0 fffffffb trap_Cvar_VariableValue
0 fffffffc trap_Cvar_Set
0 fffffffd trap_Milliseconds
0 fffffffe trap_Print
0 ffffffff trap_Error
0        0 vmMain
0       7c UI_RegisterCvars
0       b1 UI_UpdateCvars
0       d4 UI_VideoCheck
0      16a UI_AddBotsMenu_FightEvent^1
0      1ac UI_AddBotsMenu_BotEvent^1
0      1ce UI_AddBotsMenu_BackEvent^1
0      1da UI_AddBotsMenu_SetBotNames^1
0      215 UI_AddBotsMenu_UpEvent^1
0      230 UI_AddBotsMenu_DownEvent^1
0      24e UI_AddBotsMenu_SortCompare^1
0      298 UI_AddBotsMenu_GetSortedBotNums^1
0      2c0 UI_AddBotsMenu_Draw^1
0      2e2 UI_AddBotsMenu_Init^1
0      4cc UI_AddBots_Cache
0      4f7 UI_AddBotsMenu
0      502 Com_Error
0      51b Com_Printf
0      534 UI_ClampCvar
0      552 UI_StartDemoLoop
0      55c UI_PushMenu
0      5fb UI_PopMenu
0      62f UI_ForceMenuOff
0      64e UI_LerpColor
0      6bb UI_DrawBannerString2^2
0      788 UI_DrawBannerString
0      831 UI_ProportionalStringWidth
0      874 UI_DrawProportionalString2^2
0      948 UI_ProportionalSizeScale
0      957 UI_DrawProportionalString
0      abc UI_DrawProportionalString_AutoWrapped
0      bb8 UI_DrawString2^2
0      ca2 UI_DrawString
0      db8 UI_DrawChar
0      dd3 UI_IsFullscreen
0      dee NeedCDAction^2
0      dfc NeedCDKeyAction^2
0      e0a UI_SetActiveMenu
0      e5d UI_KeyEvent
0      ead UI_MouseEvent
0      fc7 UI_Argv
0      fd6 UI_Cvar_VariableString
0      fe5 UI_Cache_f
0     103f UI_ConsoleCommand
0     1100 UI_Shutdown
0     1103 UI_Init
0     111a UI_AdjustFrom640
0     1157 UI_DrawNamedPic
0     118a UI_DrawHandlePic
0     11e4 UI_DrawCursor^2
0     120c UI_FillRect
0     123f UI_DrawRect
0     12c6 UI_SetColor
0     12cf UI_UpdateScreen
0     12d5 UI_Refresh
0     139d UI_DrawTextBox
0     13e2 UI_CursorInRect
0     1411 UI_CDKeyMenu_Event^3
0     143d UI_CDKeyMenu_PreValidateKey^3
0     1496 UI_CDKeyMenu_DrawKey^3
0     1569 UI_CDKeyMenu_Init^3
0     1640 UI_CDKeyMenu_Cache
0     165c UI_CDKeyMenu
0     1667 UI_CDKeyMenu_f
0     166d UI_CinematicsMenu_BackEvent^4
0     1679 UI_CinematicsMenu_Event^4
0     16c6 UI_CinematicsMenu_Init^4
0     199c UI_CinematicsMenu_Cache
0     19b3 UI_CinematicsMenu
0     19be UI_CinematicsMenu_f
0     19e2 ConfirmMenu_Event^5
0     1a08 ConfirmMenu_Key^5
0     1a62 MessageMenu_Draw^5
0     1ab3 ConfirmMenu_Draw^5
0     1aed ConfirmMenu_Cache
0     1af5 UI_ConfirmMenu_Style
0     1bbc UI_ConfirmMenu
0     1bcd UI_Message
0     1c3e UI_ReadableSize^6
0     1ce9 UI_PrintTime^6
0     1d3c UI_DisplayDownloadInfo^6
0     1f8a UI_DrawConnectScreen
0     209b UI_KeyConnect
0     20a9 Controls_InitCvars^7
0     20f9 Controls_GetCvarDefault^7
0     2134 Controls_GetCvarValue^7
0     216f Controls_UpdateModel^7
0     225d Controls_Update^7
0     245f Controls_DrawKeyBinding^7
0     25f2 Controls_StatusBar^7
0     2602 Controls_DrawPlayer^7
0     2657 Controls_GetKeyAssignment^7
0     26b5 Controls_GetConfig^7
0     279a Controls_SetConfig^7
0     2857 Controls_SetDefaults^7
0     28ec Controls_MenuKey^7
0     2a69 Controls_ResetDefaults_Action^7
0     2a7b Controls_ResetDefaults_Draw^7
0     2a98 Controls_MenuEvent^7
0     2b2d Controls_ActionEvent^7
0     2b5d Controls_InitModel^7
0     2b7c Controls_InitWeapons^7
0     2ba1 Controls_MenuInit^7
0     30ec Controls_Cache
0     3103 UI_ControlsMenu
0     310e UI_CreditMenu_Key^8
0     3124 UI_CreditMenu_Draw^8
0     32d8 UI_CreditMenu
0     32f2 Demos_DrawFilter^9
0     33db UI_DemosSavePosition^9
0     33f4 UI_DemosRestorePosition^9
0     340d UI_DemosReadDir^9
0     3579 UI_UpdateDirectory^9
0     3607 UI_DemoClick^9
0     3696 Demos_MenuEvent^9
0     36fc UI_DemosDblclick^9
0     3702 UI_DemosMenu_Key^9
0     3762 UI_cstrdiff
0     37a9 UI_cstricmp
0     386c compare_entries^9
0     38ac UI_demosort^9
0     396f UI_DemosFillList^9
0     3b21 Demos_MenuInit^9
0     3ce4 Demos_Cache
0     3d0a UI_DemosMenu
0     3d15 UI_DisplayOptionsMenu_Event^10
0     3d68 UI_DisplayOptionsMenu_Init^10
0     3ef4 UI_DisplayOptionsMenu_Cache
0     3f0b UI_DisplayOptionsMenu
0     3f1d UI_Alloc
0     3f4b UI_InitMemory
0     3f54 UI_ParseInfos
0     404a UI_LoadArenasFromFile^11
0     40ca UI_LoadArenas^11
0     42d7 UI_GetArenaInfoByNumber
0     433a UI_GetArenaInfoByMap
0     4379 UI_GetSpecialArenaInfo
0     43b8 UI_LoadBotsFromFile^11
0     4441 UI_LoadBots^11
0     44c7 UI_GetBotInfoByNumber
0     44f2 UI_GetBotInfoByName
0     4535 UI_GetBestScore
0     45bb UI_SetBestScore
0     4642 UI_LogAwardData
0     46a5 UI_GetAwardLevel
0     46cf UI_TierCompleted
0     4766 UI_ShowTierVideo
0     47b8 UI_CanShowTierVideo
0     4801 UI_GetCurrentGame
0     4894 UI_NewGame
0     48c8 UI_GetNumArenas
0     48ce UI_GetNumSPArenas
0     48d4 UI_GetNumSPTiers
0     48dc UI_GetNumBots
0     48e2 UI_SPUnlock_f
0     4938 UI_SPUnlockMedals_f
0     4972 UI_InitGameinfo
0     4998 InGame_RestartAction^12
0     49ab InGame_QuitAction^12
0     49ba InGame_Event
0     4a1a InGame_MenuInit
0     4c93 InGame_Cache
0     4c9b UI_InGameMenu
0     4caf LoadConfig_MenuEvent^13
0     4d00 LoadConfig_MenuInit^13
0     4eb9 UI_LoadConfig_Cache
0     4ee9 UI_LoadConfigMenu
0     4ef4 MainMenu_ExitAction^14
0     4f03 Main_MenuEvent
0     4f5a MainMenu_Cache
0     4f67 ErrorMessage_Key
0     4f77 Main_MenuDraw^14
0     506d UI_TeamArenaExists^14
0     50cd UI_MainMenu
0     52b3 MField_Draw
0     53dd MField_Paste
0     5412 MField_KeyDownEvent
0     5567 MField_CharEvent
0     56c8 MField_Clear
0     56df MenuField_Init
0     575e MenuField_Draw
0     5841 MenuField_Key
0     5913 UI_Mods_MenuEvent^16
0     5949 UI_Mods_ParseInfos^16
0     59b3 UI_Mods_LoadMods^16
0     5a3a UI_Mods_MenuInit^16
0     5b0f UI_ModsMenu_Cache
0     5b30 UI_ModsMenu
0     5b3b UI_NetworkOptionsMenu_Event^17
0     5bb7 UI_NetworkOptionsMenu_Init^17
0     5d22 UI_NetworkOptionsMenu_Cache
0     5d39 UI_NetworkOptionsMenu
0     5d4b Options_Event^18
0     5d82 SystemConfig_Cache
0     5d99 Options_MenuInit
0     5ed6 UI_SystemConfigMenu
0     5ee1 PlayerModel_UpdateGrid^19
0     5fe5 PlayerModel_UpdateModel^19
0     601b PlayerModel_SaveChanges^19
0     602c PlayerModel_MenuEvent^19
0     607b PlayerModel_MenuKey^19
0     6190 PlayerModel_PicEvent^19
0     628b PlayerModel_DrawPlayer^19
0     62df PlayerModel_BuildList^19
0     640c PlayerModel_SetMenuItems^19
0     64d6 PlayerModel_MenuInit^19
0     6776 PlayerModel_Cache
0     67b5 UI_PlayerModelMenu
0     67ce UI_PlayerInfo_SetWeapon^20
0     698d UI_ForceLegsAnim^20
0     69af UI_SetLegsAnim^20
0     69d3 UI_ForceTorsoAnim^20
0     6a07 UI_SetTorsoAnim^20
0     6a2b UI_TorsoSequencing^20
0     6aad UI_LegsSequencing^20
0     6b02 UI_PositionEntityOnTag^20
0     6bb6 UI_PositionRotatedEntityOnTag^20
0     6c6c UI_SetLerpFrameAnimation^20
0     6cbd UI_RunLerpFrame^20
0     6de6 UI_PlayerAnimation^20
0     6ea2 UI_SwingAngles^20
0     6fa3 UI_MovedirAdjustment^20
0     704e UI_PlayerAngles^20
0     714c UI_PlayerFloatSprite^20
0     7174 UI_MachinegunSpinAngle
0     720c UI_DrawPlayer
0     755a UI_RegisterClientSkin^20
0     75d8 UI_ParseAnimationFile^20
0     7842 UI_RegisterClientModelname
0     7960 UI_PlayerInfo_SetModel
0     79b8 UI_PlayerInfo_SetInfo
0     7ba2 PlayerSettings_DrawName^21
0     7cd4 PlayerSettings_DrawHandicap^21
0     7d41 PlayerSettings_DrawEffects^21
0     7dff PlayerSettings_DrawPlayer^21
0     7e69 PlayerSettings_SaveChanges^21
0     7e8b PlayerSettings_MenuKey^21
0     7ea9 PlayerSettings_SetMenuItems^21
0     7f27 PlayerSettings_MenuEvent^21
0     7f6a PlayerSettings_MenuInit^21
0     80f1 PlayerSettings_Cache
0     8126 UI_PlayerSettingsMenu
0     8131 Preferences_SetMenuItems^22
0     821d Preferences_Event^22
0     82e9 Crosshair_Draw^22
0     83d2 Preferences_MenuInit^22
0     860a Preferences_Cache
0     8649 UI_PreferencesMenu
0     8654 Text_Init^23
0     8665 Text_Draw^23
0     86ca BText_Init^23
0     86db BText_Draw^23
0     871d PText_Init^23
0     87ae PText_Draw^23
0     881a Bitmap_Init
0     88a1 Bitmap_Draw
0     8a7d Action_Init^23
0     8acd Action_Draw^23
0     8b6f RadioButton_Init^23
0     8bc3 RadioButton_Key^23
0     8c59 RadioButton_Draw^23
0     8d6a Slider_Init^23
0     8dbe Slider_Key^23
0     8ec2 Slider_Draw^23
0     8fc7 SpinControl_Init^23
0     906a SpinControl_Key^23
0     9125 SpinControl_Draw^23
0     9207 ScrollList_Init^23
0     92bb ScrollList_Key
0     99e5 ScrollList_Draw
0     9aee Menu_AddItem
0     9be0 Menu_CursorMoved
0     9c65 Menu_SetCursor
0     9c92 Menu_SetCursorToItem
0     9cc8 Menu_AdjustCursor
0     9d71 Menu_Draw
0     9eb8 Menu_ItemAtCursor
0     9ee0 Menu_ActivateItem
0     9f0a Menu_DefaultKey
0     a0e6 Menu_Cache
0     a1ba UI_RemoveBotsMenu_SetBotNames^24
0     a209 UI_RemoveBotsMenu_DeleteEvent^24
0     a22b UI_RemoveBotsMenu_BotEvent^24
0     a24d UI_RemoveBotsMenu_BackEvent^24
0     a259 UI_RemoveBotsMenu_UpEvent^24
0     a274 UI_RemoveBotsMenu_DownEvent^24
0     a292 UI_RemoveBotsMenu_GetBots^24
0     a2fd UI_RemoveBots_Cache
0     a319 UI_RemoveBotsMenu_Init^24
0     a4b3 UI_RemoveBotsMenu
0     a4be UI_SaveConfigMenu_BackEvent^25
0     a4ca UI_SaveConfigMenu_SaveEvent^25
0     a4f6 UI_SaveConfigMenu_SavenameDraw^25
0     a55b UI_SaveConfigMenu_Init^25
0     a617 UI_SaveConfigMenu_Cache
0     a633 UI_SaveConfigMenu
0     a63e Favorites_Add
0     a6b0 ServerInfo_Event^26
0     a6db ServerInfo_MenuKey^26
0     a6ea ServerInfo_Cache
0     a70e UI_ServerInfoMenu
0     a8b2 ArenaServers_DrawFilter^27
0     a9b5 ArenaServers_MaxPing^27
0     a9cd ArenaServers_Compare^27
0     aad5 ArenaServers_Go^27
0     aaf6 ArenaServers_Dblclick^27
0     aafc ArenaServers_UpdatePicture^27
0     ab25 ArenaServers_UpdateList^27
0     ac5c ArenaServers_UpdateMenu^27
0     ad7e ArenaServers_Remove^27
0     ae45 UI_CleanStr^27
0     af02 ArenaServers_Insert^27
0     b0e7 ArenaServers_LoadFavorites
0     b1bb ArenaServers_StopRefresh^27
0     b1e6 ArenaServers_DoRefresh^27
0     b39e ArenaServers_StartRefresh^27
0     b450 ArenaServers_SaveChanges
0     b49a ArenaServers_Sort
0     b4b6 ArenaServers_SetType
0     b53a ArenaServers_Event^27
0     b631 ArenaServers_MenuDraw^27
0     b640 ArenaServers_MenuKey^27
0     b6af ArenaServers_MenuInit^27
0     ba52 ArenaServers_Cache
0     ba9b UI_ArenaServersMenu
0     baa6 Setup_ResetDefaults_Action^28
0     bac4 Setup_ResetDefaults_Draw^28
0     bae1 UI_SetupMenu_Event^28
0     bb28 UI_SetupMenu_Init^28
0     bcba UI_SetupMenu_Cache
0     bcd1 UI_SetupMenu
0     bcdc UI_SoundOptionsMenu_Event^29
0     bd5d UI_SoundOptionsMenu_Init^29
0     bf16 UI_SoundOptionsMenu_Cache
0     bf2d UI_SoundOptionsMenu
0     bf3f UI_SPArena_Start
0     bfd3 SpecifyServer_Event^31
0     c02d SpecifyServer_MenuInit
0     c120 SpecifyServer_Cache
0     c144 UI_SpecifyServerMenu
0     c14f PlayerIcon^32
0     c1b4 PlayerIconHandle^32
0     c1ca UI_SPLevelMenu_SetBots^32
0     c2a9 UI_SPLevelMenu_SetMenuArena^32
0     c36a UI_SPLevelMenu_SetMenuItems^32
0     c52f UI_SPLevelMenu_ResetDraw^32
0     c566 UI_SPLevelMenu_ResetAction^32
0     c57f UI_SPLevelMenu_ResetEvent^32
0     c591 UI_SPLevelMenu_LevelEvent^32
0     c5d9 UI_SPLevelMenu_LeftArrowEvent^32
0     c5f7 UI_SPLevelMenu_RightArrowEvent^32
0     c615 UI_SPLevelMenu_PlayerEvent^32
0     c621 UI_SPLevelMenu_AwardEvent^32
0     c640 UI_SPLevelMenu_NextEvent^32
0     c65d UI_SPLevelMenu_BackEvent^32
0     c670 UI_SPLevelMenu_CustomEvent^32
0     c67e UI_SPLevelMenu_MenuDraw^32
0     c979 UI_SPLevelMenu_Cache
0     ca4b UI_SPLevelMenu_Init^32
0     cd7a UI_SPLevelMenu
0     ce27 UI_SPLevelMenu_f
0     ce35 UI_SPLevelMenu_ReInit
0     ce3b UI_SPPostgameMenu_AgainEvent^33
0     ce4e UI_SPPostgameMenu_NextEvent^33
0     ceae UI_SPPostgameMenu_MenuEvent^33
0     cec1 UI_SPPostgameMenu_MenuKey^33
0     cf1a UI_SPPostgameMenu_DrawAwardsMedals^33
0     cf9d UI_SPPostgameMenu_DrawAwardsPresentation^33
0     d014 UI_SPPostgameMenu_MenuDrawScoreLine^33
0     d0a1 UI_SPPostgameMenu_MenuDraw^33
0     d229 UI_SPPostgameMenu_Cache
0     d293 UI_SPPostgameMenu_Init^33
0     d317 Prepname^33
0     d37a UI_SPPostgameMenu_f
0     d6b2 SetSkillColor^34
0     d6e5 UI_SPSkillMenu_SkillEvent^34
0     d73c UI_SPSkillMenu_FightEvent^34
0     d74b UI_SPSkillMenu_BackEvent^34
0     d75f UI_SPSkillMenu_Key^34
0     d782 UI_SPSkillMenu_Cache
0     d7e8 UI_SPSkillMenu_Init^34
0     d975 UI_SPSkillMenu
0     d98b GametypeBits^35
0     da17 StartServer_Update^35
0     db80 StartServer_MapEvent^35
0     db9a StartServer_GametypeEvent^35
0     dc2c StartServer_MenuEvent^35
0     dc90 StartServer_LevelshotDraw^35
0     ddec StartServer_MenuInit^35
0     e06b StartServer_Cache
0     e100 UI_StartServerMenu
0     e10f BotAlreadySelected^35
0     e15b ServerOptions_Start^35
0     e38e ServerOptions_InitPlayerItems^35
0     e43c ServerOptions_SetPlayerItems^35
0     e4d8 ServerOptions_Event^35
0     e51c ServerOptions_PlayerNameEvent^35
0     e53a ServerOptions_StatusBar^35
0     e553 ServerOptions_LevelshotDraw^35
0     e5e0 ServerOptions_InitBotNames^35
0     e731 ServerOptions_SetMenuItems^35
0     e8df PlayerName_Draw^35
0     e9b8 ServerOptions_MenuInit^35
0     ed8a ServerOptions_Cache
0     edab UI_ServerOptionsMenu^35
0     edb9 UI_BotSelectMenu_SortCompare^35
0     ee03 UI_BotSelectMenu_BuildList^35
0     ee4d ServerPlayerIcon^35
0     eeb2 UI_BotSelectMenu_UpdateGrid^35
0     f022 UI_BotSelectMenu_Default^35
0     f095 UI_BotSelectMenu_LeftEvent^35
0     f0b6 UI_BotSelectMenu_RightEvent^35
0     f0da UI_BotSelectMenu_BotEvent^35
0     f140 UI_BotSelectMenu_BackEvent^35
0     f14c UI_BotSelectMenu_SelectEvent^35
0     f16b UI_BotSelectMenu_Cache
0     f19b UI_BotSelectMenu_Init^35
0     f3f2 UI_BotSelectMenu
0     f400 TeamMain_MenuEvent^36
0     f44e TeamMain_MenuInit
0     f583 TeamMain_Cache
0     f58b UI_TeamMainMenu
0     f596 UI_TeamOrdersMenu_BackEvent^37
0     f5a2 UI_TeamOrdersMenu_SetList^37
0     f5e3 UI_TeamOrdersMenu_Key
0     f705 UI_TeamOrdersMenu_ListDraw^37
0     f77f UI_TeamOrdersMenu_ListEvent^37
0     f7f9 UI_TeamOrdersMenu_BuildBotList^37
0     f8e0 UI_TeamOrdersMenu_Init^37
0     f977 UI_TeamOrdersMenu_Cache
0     f989 UI_TeamOrdersMenu
0     f994 UI_TeamOrdersMenu_f
0     f9de DriverInfo_Event^38
0     f9f7 DriverInfo_MenuDraw^38
0     facb DriverInfo_Cache
0     faef UI_DriverInfo_Menu^38
0     fc25 GraphicsOptions_GetInitialVideo^38
0     fc4d GraphicsOptions_CheckConfig^38
0     fcbd GraphicsOptions_UpdateMenuItems^38
0     fd89 GraphicsOptions_ApplyChanges^38
0     fe82 GraphicsOptions_Event^38
0     ff03 GraphicsOptions_TQEvent^38
0     ff14 GraphicsOptions_MenuDraw
0     ff1f GraphicsOptions_SetMenuItems^38
0    10017 GraphicsOptions_MenuInit
0    102d3 GraphicsOptions_Cache
0    102f4 UI_GraphicsOptionsMenu
0    10306 swapfunc^39
0    1038d med3^39
0    10420 qsort
0    107d3 strlen
0    107ee strcat
0    10828 strcpy
0    10854 strcmp
0    10890 strchr
0    108c0 strstr
0    1090e tolower
0    10926 toupper
0    1093e memmove
0    10991 tan
0    109a8 srand
0    109af rand
0    109c5 atof
0    10a86 _atof
0    10b4d atoi
0    10bc5 abs
0    10bde fabs
0    10bf7 BG_FindItemForRune
0    10c30 BG_FindItemForPowerup
0    10c77 BG_FindItemForHoldable
0    10cb3 BG_FindItemForHealth
0    10cea BG_FindItemForAmmo
0    10d21 BG_FindItemForWeapon
0    10d58 BG_FindItem
0    10d87 BG_PlayerTouchesItem
0    10de1 BG_CanItemBeGrabbed
0    10f2b BG_EvaluateTrajectory
0    11162 BG_EvaluateTrajectoryDelta
0    112b9 BG_AddPredictableEventToPlayerstate
0    112f0 BG_TouchJumpPad
0    1135d BG_PlayerStateToEntityState
0    11542 BG_PlayerStateToEntityStateExtraPolate
0    11734 replace_s
0    118b8 replace1
0    118f2 strtok
0    119a0 BG_StripColor
0    119f9 EncodedString
0    11aa6 hex2dec^40
0    11b2c DecodedString
0    11c18 BG_stricmp
0    11c63 Q_stristr
0    11cc4 BG_CleanName
0    11dcf Q_strcpy
0    11dff Q_stradd
0    11e32 Q_strlen
0    11e51 BigEndian
0    11e66 AddInt^40
0    11f41 AddFloat^40
0    12056 AddString^40
0    120e8 ED_vsprintf
0    122d8 BG_sprintf
0    122f5 _atoi^40
0    12365 _atof^40
0    1241d _atos^40
0    124a3 Q_sscanf
0    125e2 Q_rand
0    125f7 Q_random
0    12609 Q_crandom
0    1261a VectorCompare
0    12648 VectorLength
0    12679 VectorLengthSquared
0    126a3 Distance
0    126da DistanceSquared
0    1271e VectorNormalizeFast
0    12777 VectorInverse
0    1279b CrossProduct
0    127f4 ClampChar
0    1280f ClampShort
0    1282a DirToByte
0    12885 ByteToDir
0    128a3 ColorBytes3
0    12912 ColorBytes4
0    129a4 NormalizeColor
0    12a0e PlaneFromPoints
0    12aa6 RotatePointAroundVector
0    12bb7 RotateAroundDirection
0    12bf3 vectoangles
0    12ca1 AnglesToAxis
0    12cd6 AxisClear
0    12d11 AxisCopy
0    12d33 ProjectPointOnPlane
0    12dea MakeNormalVectors
0    12e79 VectorRotate
0    12ef6 Q_rsqrt
0    12f31 Q_fabs
0    12f41 LerpAngle
0    12f76 AngleSubtract
0    12f9b AnglesSubtract
0    12fe9 AngleMod
0    12fff AngleNormalize360
0    1300d AngleNormalize180
0    1302c AngleDelta
0    1303c SetPlaneSignbits
0    1306d BoxOnPlaneSide
0    1334a RadiusFromBounds
0    133a5 ClearBounds
0    133dc AddPointToBounds
0    13459 VectorNormalize
0    134c3 VectorNormalize2
0    1353f _VectorMA
0    13585 _DotProduct
0    135b0 _VectorSubtract
0    135e9 _VectorAdd
0    13622 _VectorCopy
0    13647 _VectorScale
0    13679 Vector4Scale
0    136b8 Q_log2
0    136db MatrixMultiply
0    13844 AngleVectors
0    13936 PerpendicularVector
0    13998 Com_Clamp
0    139b6 COM_SkipPath
0    139de COM_StripExtension
0    13a29 COM_DefaultExtension
0    13a75 COM_BeginParseSession
0    13a8a COM_GetCurrentParseLine
0    13a99 COM_Parse
0    13aa8 COM_ParseError
0    13ac8 COM_ParseWarning
0    13ae8 SkipWhitespace^42
0    13b27 COM_Compress
0    13c77 COM_ParseExt
0    13dd8 COM_MatchToken
0    13e01 SkipBracedSection
0    13e43 SkipRestOfLine
0    13e7d Com_InitSeparators
0    13e8f SkipTillSeparators
0    13ed2 COM_ParseSep
0    1405a Com_Split
0    14144 Parse1DMatrix
0    1418f Parse2DMatrix
0    141d6 Parse3DMatrix
0    14227 Q_isprint
0    1423c Q_islower
0    14251 Q_isupper
0    14266 Q_isalpha
0    14283 Q_strrchr
0    142b7 Q_strncpyz
0    142fa Q_stricmpn
0    14389 Q_strncmp
0    143df Q_stricmp
0    14460 Q_strlwr
0    14486 Q_strupr
0    144ac Q_strcat
0    144d8 Q_PrintStrlen
0    14523 Q_CleanStr
0    14584 Com_sprintf
0    145b3 va
0    145e2 Q_strkey^42
0    14621 Info_ValueForKey
0    14711 Info_NextPair
0    147a9 Info_RemoveKey^42
0    1484f Info_Validate
0    14880 Info_ValidateKeyValue
0    148b9 Info_SetValueForKey
0    14962 Info_SetValueForKey_Big
0   139b58 _stackStart
0   149b58 _stackEnd
1       30 cvarTable^0
1      320 cvarTableSize^0
1      324 skillNames^1
1      33c teamNames1^1
1      344 teamNames2^1
1      350 propMap^2
1      950 propMapB^2
1      b04 cinematics^4
1      b40 controls_binding_color^7
1      b50 g_bindings^7
1      fb0 g_configcvars^7
1     101c g_movement_controls^7
1     104c g_weapons_controls^7
1     1084 g_looking_controls^7
1     10b4 g_misc_controls^7
1     10d4 g_controls^7
1     1198 dirlevel^9
1     119c sorttype^9
1     1260 rate_items^17
1     12a4 playermodel_artlist^19
1     1310 handicap_items^21
1     1364 teamoverlay_names^22
1     13a8 menu_text_color
1     13b8 menu_dim_color
1     13c8 color_black
1     13d8 color_white
1     13e8 color_yellow
1     13f8 color_blue
1     1408 color_lightOrange
1     1418 color_orange
1     1428 color_red
1     1438 color_dim
1     1448 pulse_color
1     1458 text_color_disabled
1     1468 text_color_normal
1     1478 text_color_highlight
1     1488 listbar_color
1     1498 text_color_status
1     15ec serverinfo_artlist^26
1     1600 master_items^27
1     1610 servertype_items^27
1     1628 sortkey_items^27
1     1640 netnames^27
1     1650 punkbuster_items
1     165c punkbuster_msg
1     1704 quality_items^29
1     1734 specifyserver_artlist^31
1     1750 ui_medalNames
1     1768 ui_medalPicNames
1     1780 ui_medalSounds
1     1798 medalLocations^33
1     17c4 gametype_items^35
1     17d8 gametype_remap^35
1     17e8 gametype_remap2^35
1     180c dedicated_list^35
1     181c playerType_list^35
1     182c playerTeam_list^35
1     1838 botSkill_list^35
1     18b8 ctfOrders^37
1     18d8 ctfMessages^37
1     18f8 teamOrders^37
1     1914 teamMessages^37
1     1930 driverinfo_artlist^38
1     1944 s_ivo_templates^38
1     1abc randSeed^39
1     1ac0 bg_itemlist
1     2e74 bg_numItems
1     2ed4 eventnames
1     311c vec3_origin
1     3128 axisDefault
1     314c colorBlack
1     315c colorRed
1     316c colorGreen
1     317c colorBlue
1     318c colorYellow
1     319c colorMagenta
1     31ac colorCyan
1     31bc colorWhite
1     31cc colorLtGrey
1     31dc colorMdGrey
1     31ec colorDkGrey
1     31fc g_color_table
1     327c bytedirs
2      efa dir^9
2     242f quake3worldMessage^27
2     5aaa locase
3        0 ui_cdkeychecked
3      110 ui_server16
3      220 ui_server15
3      330 ui_server14
3      440 ui_server13
3      550 ui_server12
3      660 ui_server11
3      770 ui_server10
3      880 ui_server9
3      990 ui_server8
3      aa0 ui_server7
3      bb0 ui_server6
3      cc0 ui_server5
3      dd0 ui_server4
3      ee0 ui_server3
3      ff0 ui_server2
3     1100 ui_server1
3     1210 ui_marks
3     1320 ui_drawCrosshairNames
3     1430 ui_drawCrosshair
3     1540 ui_brassTime
3     1650 ui_browserShowEmpty
3     1760 ui_browserShowFull
3     1870 ui_browserSortKey
3     1980 ui_browserGameType
3     1a90 ui_browserMaster
3     1ba0 ui_spSelection
3     1cb0 ui_spSkill
3     1dc0 ui_spVideos
3     1ed0 ui_spAwards
3     1fe0 ui_spScores5
3     20f0 ui_spScores4
3     2200 ui_spScores3
3     2310 ui_spScores2
3     2420 ui_spScores1
3     2530 ui_botsFile
3     2640 ui_arenasFile
3     2750 ui_ctf_friendly
3     2860 ui_ctf_timelimit
3     2970 ui_ctf_capturelimit
3     2a80 ui_team_friendly
3     2b90 ui_team_timelimit
3     2ca0 ui_team_fraglimit
3     2db0 ui_tourney_timelimit
3     2ec0 ui_tourney_fraglimit
3     2fd0 ui_ffa_timelimit
3     30e0 ui_ffa_fraglimit
3     31f0 addBotsMenuInfo^1
3     50b8 uis
3     7d8c m_entersound
3     7d90 cdkeyMenuInfo^3
3     8164 cinematicsMenuInfo^4
3     86dc s_confirm^5
3     88ac lastLoadingText^6
3     8cac lastConnState^6
3     8cd0 s_controls^7
3     a0a8 s_credits^8
3     a1c8 show_names^9
3    3a1c8 buffer^9
3    4a1c8 listpos^9
3    4a3c8 num_files^9
3    4a3cc dptr^9
3    4b3cc dentry^9
3    4e3cc s_demos^9
3    4fa7c displayOptionsInfo^10
3    4fecc outOfMemory^11
3    4fed0 allocPoint^11
3    4fed4 memoryPool^11
3    6fed4 ui_numSpecialSinglePlayerArenas^11
3    6fed8 ui_numSinglePlayerArenas^11
3    6fedc ui_arenaInfos^11
3    70edc ui_numArenas^11
3    70ee0 ui_botInfos^11
3    71ee0 ui_numBots
3    71ee4 s_ingame^12
3    72358 s_configs^13
3    731b4 s_errorMessage^14
3    742d4 s_main^14
3    74658 s_mods^16
3    75ba8 networkOptionsInfo^17
3    75fc4 s_options^18
3    763d4 s_playermodel^19
3    7f928 jumpHeight^20
3    7f92c dp_realtime^20
3    7f930 s_playersettings^21
3    80390 s_preferences^22
3    80974 sliderButton_1^23
3    80978 sliderButton_0^23
3    8097c sliderBar^23
3    80980 weaponChangeSound
3    80984 menu_null_sound
3    80988 menu_buzz_sound
3    8098c menu_out_sound
3    80990 menu_move_sound
3    80994 menu_in_sound
3    80998 removeBotsMenuInfo^24
3    8202c saveConfig^25
3    82400 show_info^26
3    84a40 itemnames^26
3    84b40 s_serverinfo^26
3    852f8 g_fullservers^27
3    852fc g_emptyservers^27
3    85300 g_sortkey^27
3    85304 g_gametype^27
3    85308 g_servertype^27
3    8530c g_numfavoriteservers^27
3    85310 g_favoriteserverlist^27
3    85c10 g_numlocalservers^27
3    85c14 g_localserverlist^27
3    97c14 g_numglobalservers^27
3    97c18 g_globalserverlist^27
3   103c18 g_arenaservers^27
3   111e64 setupMenuInfo^28
3   1122ac soundOptionsInfo^29
3   112768 s_specifyserver^31
3   112cec maxTier^32
3   112cf0 minTier^32
3   112cf4 finalTier^32
3   112cf8 trainingTier^32
3   112cfc currentGame^32
3   112d00 currentSet^32
3   112d04 selectedArena^32
3   112d08 selectedArenaSet^32
3   112d0c levelMenuInfo^32
3   113790 arenainfo^33
3   113b90 postgameMenuInfo^33
3   113f58 skillMenuInfo^34
3   114550 botSelectInfo^35
3   116dd8 s_serveroptions^35
3   118728 s_startserver^35
3   119f20 s_teammain^36
3   11a1cc teamOrdersMenuInfo^37
3   11a51c s_graphicsoptions^38
3   11ad90 s_ivo^38
3   11adb4 s_driverinfo^38
3   138f50 is_separator^42
3   139350 com_tokenline^42
3   139354 com_lines^42
3   139358 com_parsename^42
3   139758 com_token^42
